Archive member included to satisfy reference by file (symbol)

D:/stm32/STM32CubeIDE/plugins/com.st.stm32cube.ide.mcu.externaltools.gnu-tools-for-stm32.14.3.rel1.win32_1.0.100.202602081740/tools/bin/../lib/gcc/arm-none-eabi/14.3.1/../../../../arm-none-eabi/lib/thumb/v7e-m+fp/hard\libc_nano.a(libc_a-exit.o)
                              D:/stm32/STM32CubeIDE/plugins/com.st.stm32cube.ide.mcu.externaltools.gnu-tools-for-stm32.14.3.rel1.win32_1.0.100.202602081740/tools/bin/../lib/gcc/arm-none-eabi/14.3.1/../../../../arm-none-eabi/lib/thumb/v7e-m+fp/hard/crt0.o (exit)
D:/stm32/STM32CubeIDE/plugins/com.st.stm32cube.ide.mcu.externaltools.gnu-tools-for-stm32.14.3.rel1.win32_1.0.100.202602081740/tools/bin/../lib/gcc/arm-none-eabi/14.3.1/../../../../arm-none-eabi/lib/thumb/v7e-m+fp/hard\libc_nano.a(libc_a-findfp.o)
                              D:/stm32/STM32CubeIDE/plugins/com.st.stm32cube.ide.mcu.externaltools.gnu-tools-for-stm32.14.3.rel1.win32_1.0.100.202602081740/tools/bin/../lib/gcc/arm-none-eabi/14.3.1/../../../../arm-none-eabi/lib/thumb/v7e-m+fp/hard\libc_nano.a(libc_a-exit.o) (__stdio_exit_handler)
D:/stm32/STM32CubeIDE/plugins/com.st.stm32cube.ide.mcu.externaltools.gnu-tools-for-stm32.14.3.rel1.win32_1.0.100.202602081740/tools/bin/../lib/gcc/arm-none-eabi/14.3.1/../../../../arm-none-eabi/lib/thumb/v7e-m+fp/hard\libc_nano.a(libc_a-fwalk.o)
                              D:/stm32/STM32CubeIDE/plugins/com.st.stm32cube.ide.mcu.externaltools.gnu-tools-for-stm32.14.3.rel1.win32_1.0.100.202602081740/tools/bin/../lib/gcc/arm-none-eabi/14.3.1/../../../../arm-none-eabi/lib/thumb/v7e-m+fp/hard\libc_nano.a(libc_a-findfp.o) (_fwalk_sglue)
D:/stm32/STM32CubeIDE/plugins/com.st.stm32cube.ide.mcu.externaltools.gnu-tools-for-stm32.14.3.rel1.win32_1.0.100.202602081740/tools/bin/../lib/gcc/arm-none-eabi/14.3.1/../../../../arm-none-eabi/lib/thumb/v7e-m+fp/hard\libc_nano.a(libc_a-stdio.o)
                              D:/stm32/STM32CubeIDE/plugins/com.st.stm32cube.ide.mcu.externaltools.gnu-tools-for-stm32.14.3.rel1.win32_1.0.100.202602081740/tools/bin/../lib/gcc/arm-none-eabi/14.3.1/../../../../arm-none-eabi/lib/thumb/v7e-m+fp/hard\libc_nano.a(libc_a-findfp.o) (__sread)
D:/stm32/STM32CubeIDE/plugins/com.st.stm32cube.ide.mcu.externaltools.gnu-tools-for-stm32.14.3.rel1.win32_1.0.100.202602081740/tools/bin/../lib/gcc/arm-none-eabi/14.3.1/../../../../arm-none-eabi/lib/thumb/v7e-m+fp/hard\libc_nano.a(libc_a-memset.o)
                              D:/stm32/STM32CubeIDE/plugins/com.st.stm32cube.ide.mcu.externaltools.gnu-tools-for-stm32.14.3.rel1.win32_1.0.100.202602081740/tools/bin/../lib/gcc/arm-none-eabi/14.3.1/../../../../arm-none-eabi/lib/thumb/v7e-m+fp/hard/crt0.o (memset)
D:/stm32/STM32CubeIDE/plugins/com.st.stm32cube.ide.mcu.externaltools.gnu-tools-for-stm32.14.3.rel1.win32_1.0.100.202602081740/tools/bin/../lib/gcc/arm-none-eabi/14.3.1/../../../../arm-none-eabi/lib/thumb/v7e-m+fp/hard\libc_nano.a(libc_a-closer.o)
                              D:/stm32/STM32CubeIDE/plugins/com.st.stm32cube.ide.mcu.externaltools.gnu-tools-for-stm32.14.3.rel1.win32_1.0.100.202602081740/tools/bin/../lib/gcc/arm-none-eabi/14.3.1/../../../../arm-none-eabi/lib/thumb/v7e-m+fp/hard\libc_nano.a(libc_a-stdio.o) (_close_r)
D:/stm32/STM32CubeIDE/plugins/com.st.stm32cube.ide.mcu.externaltools.gnu-tools-for-stm32.14.3.rel1.win32_1.0.100.202602081740/tools/bin/../lib/gcc/arm-none-eabi/14.3.1/../../../../arm-none-eabi/lib/thumb/v7e-m+fp/hard\libc_nano.a(libc_a-reent.o)
                              D:/stm32/STM32CubeIDE/plugins/com.st.stm32cube.ide.mcu.externaltools.gnu-tools-for-stm32.14.3.rel1.win32_1.0.100.202602081740/tools/bin/../lib/gcc/arm-none-eabi/14.3.1/../../../../arm-none-eabi/lib/thumb/v7e-m+fp/hard\libc_nano.a(libc_a-closer.o) (errno)
D:/stm32/STM32CubeIDE/plugins/com.st.stm32cube.ide.mcu.externaltools.gnu-tools-for-stm32.14.3.rel1.win32_1.0.100.202602081740/tools/bin/../lib/gcc/arm-none-eabi/14.3.1/../../../../arm-none-eabi/lib/thumb/v7e-m+fp/hard\libc_nano.a(libc_a-impure.o)
                              D:/stm32/STM32CubeIDE/plugins/com.st.stm32cube.ide.mcu.externaltools.gnu-tools-for-stm32.14.3.rel1.win32_1.0.100.202602081740/tools/bin/../lib/gcc/arm-none-eabi/14.3.1/../../../../arm-none-eabi/lib/thumb/v7e-m+fp/hard\libc_nano.a(libc_a-reent.o) (_impure_ptr)
D:/stm32/STM32CubeIDE/plugins/com.st.stm32cube.ide.mcu.externaltools.gnu-tools-for-stm32.14.3.rel1.win32_1.0.100.202602081740/tools/bin/../lib/gcc/arm-none-eabi/14.3.1/../../../../arm-none-eabi/lib/thumb/v7e-m+fp/hard\libc_nano.a(libc_a-lseekr.o)
                              D:/stm32/STM32CubeIDE/plugins/com.st.stm32cube.ide.mcu.externaltools.gnu-tools-for-stm32.14.3.rel1.win32_1.0.100.202602081740/tools/bin/../lib/gcc/arm-none-eabi/14.3.1/../../../../arm-none-eabi/lib/thumb/v7e-m+fp/hard\libc_nano.a(libc_a-stdio.o) (_lseek_r)
[...]
Memory Configuration

Name             Origin             Length             Attributes
RAM              0x20000000         0x00020000         xrw
FLASH            0x08000000         0x00080000         xr
*default*        0x00000000         0xffffffff

Linker script and memory map

LOAD D:/stm32/STM32CubeIDE/plugins/com.st.stm32cube.ide.mcu.externaltools.gnu-tools-for-stm32.14.3.rel1.win32_1.0.100.202602081740/tools/bin/../lib/gcc/arm-none-eabi/14.3.1/thumb/v7e-m+fp/hard/crti.o
LOAD D:/stm32/STM32CubeIDE/plugins/com.st.stm32cube.ide.mcu.externaltools.gnu-tools-for-stm32.14.3.rel1.win32_1.0.100.202602081740/tools/bin/../lib/gcc/arm-none-eabi/14.3.1/thumb/v7e-m+fp/hard/crtbegin.o
LOAD D:/stm32/STM32CubeIDE/plugins/com.st.stm32cube.ide.mcu.externaltools.gnu-tools-for-stm32.14.3.rel1.win32_1.0.100.202602081740/tools/bin/../lib/gcc/arm-none-eabi/14.3.1/../../../../arm-none-eabi/lib/thumb/v7e-m+fp/hard/crt0.o
LOAD ./Core/Src/dmaEx.o
LOAD ./Core/Src/driverEx.o
LOAD ./Core/Src/freeRTOSQueueTest.o
LOAD ./Core/Src/freeRTOSSemaphoreTest.o
LOAD ./Core/Src/heap_4.o
LOAD ./Core/Src/i2c.o
LOAD ./Core/Src/list.o
LOAD ./Core/Src/main.o
LOAD ./Core/Src/port.o
LOAD ./Core/Src/queue.o
LOAD ./Core/Src/spiEx.o
LOAD ./Core/Src/stm32g4xx_hal_msp.o
LOAD ./Core/Src/stm32g4xx_it.o
LOAD ./Core/Src/syscalls.o
LOAD ./Core/Src/sysmem.o
LOAD ./Core/Src/system_stm32g4xx.o
LOAD ./Core/Src/tasks.o
LOAD ./Core/Src/timers.o
LOAD ./Core/Src/uartEx.o
LOAD ./Core/Startup/startup_stm32g474retx.o
LOAD ./Drivers/BSP/STM32G4xx_Nucleo/stm32g4xx_nucleo.o
LOAD ./Drivers/STM32G4xx_HAL_Driver/Src/stm32g4xx_hal.o
LOAD ./Drivers/STM32G4xx_HAL_Driver/Src/stm32g4xx_hal_cortex.o
LOAD ./Drivers/STM32G4xx_HAL_Driver/Src/stm32g4xx_hal_dma.o
LOAD ./Drivers/STM32G4xx_HAL_Driver/Src/stm32g4xx_hal_dma_ex.o
LOAD ./Drivers/STM32G4xx_HAL_Driver/Src/stm32g4xx_hal_exti.o
LOAD ./Drivers/STM32G4xx_HAL_Driver/Src/stm32g4xx_hal_flash.o
LOAD ./Drivers/STM32G4xx_HAL_Driver/Src/stm32g4xx_hal_flash_ex.o
LOAD ./Drivers/STM32G4xx_HAL_Driver/Src/stm32g4xx_hal_flash_ramfunc.o
LOAD ./Drivers/STM32G4xx_HAL_Driver/Src/stm32g4xx_hal_gpio.o
LOAD ./Drivers/STM32G4xx_HAL_Driver/Src/stm32g4xx_hal_i2c.o
LOAD ./Drivers/STM32G4xx_HAL_Driver/Src/stm32g4xx_hal_i2c_ex.o
LOAD ./Drivers/STM32G4xx_HAL_Driver/Src/stm32g4xx_hal_pwr.o
LOAD ./Drivers/STM32G4xx_HAL_Driver/Src/stm32g4xx_hal_pwr_ex.o
LOAD ./Drivers/STM32G4xx_HAL_Driver/Src/stm32g4xx_hal_rcc.o
LOAD ./Drivers/STM32G4xx_HAL_Driver/Src/stm32g4xx_hal_rcc_ex.o
LOAD ./Drivers/STM32G4xx_HAL_Driver/Src/stm32g4xx_hal_uart.o
LOAD ./Drivers/STM32G4xx_HAL_Driver/Src/stm32g4xx_hal_uart_ex.o
LOAD ./Drivers/STM32G4xx_HAL_Driver/Src/stm32g4xx_hal_usart.o
LOAD ./Drivers/STM32G4xx_HAL_Driver/Src/stm32g4xx_hal_usart_ex.o
START GROUP
LOAD D:/stm32/STM32CubeIDE/plugins/com.st.stm32cube.ide.mcu.externaltools.gnu-tools-for-stm32.14.3.rel1.win32_1.0.100.202602081740/tools/bin/../lib/gcc/arm-none-eabi/14.3.1/../../../../arm-none-eabi/lib/thumb/v7e-m+fp/hard\libc_nano.a
LOAD D:/stm32/STM32CubeIDE/plugins/com.st.stm32cube.ide.mcu.externaltools.gnu-tools-for-stm32.14.3.rel1.win32_1.0.100.202602081740/tools/bin/../lib/gcc/arm-none-eabi/14.3.1/../../../../arm-none-eabi/lib/thumb/v7e-m+fp/hard\libm.a
END GROUP
START GROUP
LOAD D:/stm32/STM32CubeIDE/plugins/com.st.stm32cube.ide.mcu.externaltools.gnu-tools-for-stm32.14.3.rel1.win32_1.0.100.202602081740/tools/bin/../lib/gcc/arm-none-eabi/14.3.1/thumb/v7e-m+fp/hard\libgcc.a
LOAD D:/stm32/STM32CubeIDE/plugins/com.st.stm32cube.ide.mcu.externaltools.gnu-tools-for-stm32.14.3.rel1.win32_1.0.100.202602081740/tools/bin/../lib/gcc/arm-none-eabi/14.3.1/../../../../arm-none-eabi/lib/thumb/v7e-m+fp/hard\libc_nano.a
END GROUP
START GROUP
LOAD D:/stm32/STM32CubeIDE/plugins/com.st.stm32cube.ide.mcu.externaltools.gnu-tools-for-stm32.14.3.rel1.win32_1.0.100.202602081740/tools/bin/../lib/gcc/arm-none-eabi/14.3.1/thumb/v7e-m+fp/hard\libgcc.a
LOAD D:/stm32/STM32CubeIDE/plugins/com.st.stm32cube.ide.mcu.externaltools.gnu-tools-for-stm32.14.3.rel1.win32_1.0.100.202602081740/tools/bin/../lib/gcc/arm-none-eabi/14.3.1/../../../../arm-none-eabi/lib/thumb/v7e-m+fp/hard\libc_nano.a
LOAD D:/stm32/STM32CubeIDE/plugins/com.st.stm32cube.ide.mcu.externaltools.gnu-tools-for-stm32.14.3.rel1.win32_1.0.100.202602081740/tools/bin/../lib/gcc/arm-none-eabi/14.3.1/../../../../arm-none-eabi/lib/thumb/v7e-m+fp/hard\libnosys.a
END GROUP
START GROUP
LOAD D:/stm32/STM32CubeIDE/plugins/com.st.stm32cube.ide.mcu.externaltools.gnu-tools-for-stm32.14.3.rel1.win32_1.0.100.202602081740/tools/bin/../lib/gcc/arm-none-eabi/14.3.1/thumb/v7e-m+fp/hard\libgcc.a
LOAD D:/stm32/STM32CubeIDE/plugins/com.st.stm32cube.ide.mcu.externaltools.gnu-tools-for-stm32.14.3.rel1.win32_1.0.100.202602081740/tools/bin/../lib/gcc/arm-none-eabi/14.3.1/../../../../arm-none-eabi/lib/thumb/v7e-m+fp/hard\libc_nano.a
LOAD D:/stm32/STM32CubeIDE/plugins/com.st.stm32cube.ide.mcu.externaltools.gnu-tools-for-stm32.14.3.rel1.win32_1.0.100.202602081740/tools/bin/../lib/gcc/arm-none-eabi/14.3.1/../../../../arm-none-eabi/lib/thumb/v7e-m+fp/hard\libnosys.a
END GROUP
LOAD D:/stm32/STM32CubeIDE/plugins/com.st.stm32cube.ide.mcu.externaltools.gnu-tools-for-stm32.14.3.rel1.win32_1.0.100.202602081740/tools/bin/../lib/gcc/arm-none-eabi/14.3.1/thumb/v7e-m+fp/hard/crtend.o
LOAD D:/stm32/STM32CubeIDE/plugins/com.st.stm32cube.ide.mcu.externaltools.gnu-tools-for-stm32.14.3.rel1.win32_1.0.100.202602081740/tools/bin/../lib/gcc/arm-none-eabi/14.3.1/thumb/v7e-m+fp/hard/crtn.o
                0x20020000                        _estack = (ORIGIN (RAM) + LENGTH (RAM))
                0x00000200                        _Min_Heap_Size = 0x200
                0x00000400                        _Min_Stack_Size = 0x400

.isr_vector     0x08000000      0x1d8
                0x08000000                        . = ALIGN (0x4)
 *(.isr_vector)
 .isr_vector    0x08000000      0x1d8 ./Core/Startup/startup_stm32g474retx.o
                0x08000000                g_pfnVectors
                0x080001d8                        . = ALIGN (0x4)

.text           0x080001d8     0x614c
                0x080001d8                        . = ALIGN (0x4)
 *(.text)
 .text          0x080001d8       0x40 D:/stm32/STM32CubeIDE/plugins/com.st.stm32cube.ide.mcu.externaltools.gnu-tools-for-stm32.14.3.rel1.win32_1.0.100.202602081740/tools/bin/../lib/gcc/arm-none-eabi/14.3.1/thumb/v7e-m+fp/hard/crtbegin.o
 .text          0x08000218       0x30 D:/stm32/STM32CubeIDE/plugins/com.st.stm32cube.ide.mcu.externaltools.gnu-tools-for-stm32.14.3.rel1.win32_1.0.100.202602081740/tools/bin/../lib/gcc/arm-none-eabi/14.3.1/thumb/v7e-m+fp/hard\libgcc.a(_aeabi_uldivmod.o)
                0x08000218                __aeabi_uldivmod
 .text          0x08000248      0x2f8 D:/stm32/STM32CubeIDE/plugins/com.st.stm32cube.ide.mcu.externaltools.gnu-tools-for-stm32.14.3.rel1.win32_1.0.100.202602081740/tools/bin/../lib/gcc/arm-none-eabi/14.3.1/thumb/v7e-m+fp/hard\libgcc.a(_udivmoddi4.o)
                0x08000248                __udivmoddi4
 .text          0x08000540        0x4 D:/stm32/STM32CubeIDE/plugins/com.st.stm32cube.ide.mcu.externaltools.gnu-tools-for-stm32.14.3.rel1.win32_1.0.100.202602081740/tools/bin/../lib/gcc/arm-none-eabi/14.3.1/thumb/v7e-m+fp/hard\libgcc.a(_dvmd_tls.o)
                0x08000540                __aeabi_idiv0
                0x08000540                __aeabi_ldiv0
 *(.text*)
 .text.TIM2_IRQHandler
                0x08000544       0x3c ./Core/Src/driverEx.o
                0x08000544                TIM2_IRQHandler
 .text.rtos_task_setup
                0x08000580       0x40 ./Core/Src/freeRTOSQueueTest.o
                0x08000580                rtos_task_setup
 .text.UARTsendData
                0x080005c0       0x2a ./Core/Src/freeRTOSQueueTest.o
                0x080005c0                UARTsendData
 *fill*         0x080005ea        0x2 
 .text.pinConfig
                0x080005ec       0x90 ./Core/Src/freeRTOSSemaphoreTest.o
                0x080005ec                pinConfig
 .text.EXTI15_10_IRQHandler
                0x0800067c       0x58 ./Core/Src/freeRTOSSemaphoreTest.o
                0x0800067c                EXTI15_10_IRQHandler
 .text.pvPortMalloc
                0x080006d4      0x270 ./Core/Src/heap_4.o
                0x080006d4                pvPortMalloc
 .text.vPortFree
                0x08000944       0xec ./Core/Src/heap_4.o
                0x08000944                vPortFree
 .text.prvHeapInit
                0x08000a30       0xb4 ./Core/Src/heap_4.o
 .text.prvInsertBlockIntoFreeList
                0x08000ae4       0xf4 ./Core/Src/heap_4.o
 .text.I2C_Configuration
                0x08000bd8      0x2e4 ./Core/Src/i2c.o
                0x08000bd8                I2C_Configuration
 .text.bmeTest  0x08000ebc       0xe0 ./Core/Src/i2c.o
                0x08000ebc                bmeTest
 .text.mpuTest  0x08000f9c       0xe0 ./Core/Src/i2c.o
                0x08000f9c                mpuTest
 .text.I2C1_TransferComplete
                0x0800107c       0x24 ./Core/Src/i2c.o
                0x0800107c                I2C1_TransferComplete
 .text.I2C1_StopFlagDetected
                0x080010a0       0x24 ./Core/Src/i2c.o
                0x080010a0                I2C1_StopFlagDetected
 .text.I2C1_NackFlagDetected
                0x080010c4       0x24 ./Core/Src/i2c.o
                0x080010c4                I2C1_NackFlagDetected
 .text.I2C1_RXNotEmpty
                0x080010e8       0x24 ./Core/Src/i2c.o
                0x080010e8                I2C1_RXNotEmpty
 .text.I2C1_TxIsEmpty
                0x0800110c       0x24 ./Core/Src/i2c.o
                0x0800110c                I2C1_TxIsEmpty
 .text.I2C4_TransferComplete
                0x08001130       0x24 ./Core/Src/i2c.o
                0x08001130                I2C4_TransferComplete
 .text.I2C4_StopFlagDetected
                0x08001154       0x24 ./Core/Src/i2c.o
                0x08001154                I2C4_StopFlagDetected
 .text.I2C4_NackFlagDetected
                0x08001178       0x24 ./Core/Src/i2c.o
                0x08001178                I2C4_NackFlagDetected
 .text.I2C4_RXNotEmpty
                0x0800119c       0x24 ./Core/Src/i2c.o
                0x0800119c                I2C4_RXNotEmpty
 .text.I2C4_TxIsEmpty
                0x080011c0       0x24 ./Core/Src/i2c.o
                0x080011c0                I2C4_TxIsEmpty
 .text.vListInitialise
                0x080011e4       0x40 ./Core/Src/list.o
                0x080011e4                vListInitialise
 .text.vListInitialiseItem
                0x08001224       0x1a ./Core/Src/list.o
                0x08001224                vListInitialiseItem
 .text.vListInsert
                0x0800123e       0x72 ./Core/Src/list.o
                0x0800123e                vListInsert
 .text.uxListRemove
                0x080012b0       0x54 ./Core/Src/list.o
                0x080012b0                uxListRemove
 .text.main     0x08001304       0xac ./Core/Src/main.o
                0x08001304                main
 .text.testTask
                0x080013b0       0x20 ./Core/Src/main.o
                0x080013b0                testTask
 .text.testTaskTwo
                0x080013d0       0x20 ./Core/Src/main.o
                0x080013d0                testTaskTwo
 .text.SystemClock_Config
                0x080013f0       0x96 ./Core/Src/main.o
                0x080013f0                SystemClock_Config
 *fill*         0x08001486        0x2 
 .text.MX_I2C1_Init
                0x08001488       0x80 ./Core/Src/main.o
 .text.MX_GPIO_Init
                0x08001508       0xc4 ./Core/Src/main.o
 .text.Error_Handler
                0x080015cc        0xc ./Core/Src/main.o
                0x080015cc                Error_Handler
 .text.pxPortInitialiseStack
                0x080015d8       0x68 ./Core/Src/port.o
                0x080015d8                pxPortInitialiseStack
 .text.prvTaskExitError
                0x08001640       0x5c ./Core/Src/port.o
 .text.SVC_Handler
                0x0800169c       0x24 ./Core/Src/port.o
                0x0800169c                SVC_Handler
 .text.prvPortStartFirstTask
                0x080016c0       0x2c ./Core/Src/port.o
 .text.xPortStartScheduler
                0x080016ec      0x1e0 ./Core/Src/port.o
                0x080016ec                xPortStartScheduler
 .text.vPortEnterCritical
                0x080018cc       0x64 ./Core/Src/port.o
                0x080018cc                vPortEnterCritical
 .text.vPortExitCritical
                0x08001930       0x54 ./Core/Src/port.o
                0x08001930                vPortExitCritical
 .text.PendSV_Handler
                0x08001984       0x60 ./Core/Src/port.o
                0x08001984                PendSV_Handler
 .text.SysTick_Handler
                0x080019e4       0x44 ./Core/Src/port.o
                0x080019e4                SysTick_Handler
 .text.vPortSetupTimerInterrupt
                0x08001a28       0x48 ./Core/Src/port.o
                0x08001a28                vPortSetupTimerInterrupt
 .text.vPortEnableVFP
                0x08001a70       0x18 ./Core/Src/port.o
 .text.vPortValidateInterruptPriority
                0x08001a88       0x84 ./Core/Src/port.o
                0x08001a88                vPortValidateInterruptPriority
 .text.xQueueGenericReset
                0x08001b0c      0x124 ./Core/Src/queue.o
                0x08001b0c                xQueueGenericReset
 .text.xQueueGenericCreate
                0x08001c30       0x9e ./Core/Src/queue.o
                0x08001c30                xQueueGenericCreate
 .text.prvInitialiseNewQueue
                0x08001cce       0x46 ./Core/Src/queue.o
 .text.xQueueGiveFromISR
                0x08001d14      0x148 ./Core/Src/queue.o
                0x08001d14                xQueueGiveFromISR
 .text.xQueueReceive
                0x08001e5c      0x1c4 ./Core/Src/queue.o
                0x08001e5c                xQueueReceive
 .text.prvCopyDataFromQueue
                0x08002020       0x4c ./Core/Src/queue.o
 .text.prvUnlockQueue
                0x0800206c       0xa4 ./Core/Src/queue.o
 .text.prvIsQueueEmpty
                0x08002110       0x2c ./Core/Src/queue.o
 .text.vQueueAddToRegistry
                0x0800213c       0xa0 ./Core/Src/queue.o
                0x0800213c                vQueueAddToRegistry
 .text.vQueueWaitForMessageRestricted
                0x080021dc       0x68 ./Core/Src/queue.o
                0x080021dc                vQueueWaitForMessageRestricted
 .text.HAL_MspInit
                0x08002244       0x48 ./Core/Src/stm32g4xx_hal_msp.o
                0x08002244                HAL_MspInit
 .text.HAL_I2C_MspInit
                0x0800228c       0xb4 ./Core/Src/stm32g4xx_hal_msp.o
                0x0800228c                HAL_I2C_MspInit
 .text.NMI_Handler
                0x08002340        0x8 ./Core/Src/stm32g4xx_it.o
                0x08002340                NMI_Handler
 .text.HardFault_Handler
                0x08002348        0x8 ./Core/Src/stm32g4xx_it.o
                0x08002348                HardFault_Handler
 .text.MemManage_Handler
                0x08002350        0x8 ./Core/Src/stm32g4xx_it.o
                0x08002350                MemManage_Handler
 .text.BusFault_Handler
                0x08002358        0x8 ./Core/Src/stm32g4xx_it.o
                0x08002358                BusFault_Handler
 .text.UsageFault_Handler
                0x08002360        0x8 ./Core/Src/stm32g4xx_it.o
                0x08002360                UsageFault_Handler
 .text.DebugMon_Handler
                0x08002368        0xe ./Core/Src/stm32g4xx_it.o
                0x08002368                DebugMon_Handler
 *fill*         0x08002376        0x2 
 .text.SystemInit
                0x08002378       0x24 ./Core/Src/system_stm32g4xx.o
                0x08002378                SystemInit
 .text.prvCreateTask
                0x0800239c       0x78 ./Core/Src/tasks.o
 .text.xTaskCreate
                0x08002414       0x46 ./Core/Src/tasks.o
                0x08002414                xTaskCreate
 .text.prvInitialiseNewTask
                0x0800245a      0x14a ./Core/Src/tasks.o
 .text.prvAddNewTaskToReadyList
                0x080025a4      0x130 ./Core/Src/tasks.o
 .text.vTaskDelay
                0x080026d4       0x6c ./Core/Src/tasks.o
                0x080026d4                vTaskDelay
 .text.prvCreateIdleTasks
                0x08002740       0xa8 ./Core/Src/tasks.o
 .text.vTaskStartScheduler
                0x080027e8       0x88 ./Core/Src/tasks.o
                0x080027e8                vTaskStartScheduler
 .text.vTaskSuspendAll
                0x08002870       0x1c ./Core/Src/tasks.o
                0x08002870                vTaskSuspendAll
 .text.xTaskResumeAll
                0x0800288c      0x210 ./Core/Src/tasks.o
                0x0800288c                xTaskResumeAll
 .text.xTaskGetTickCount
                0x08002a9c       0x20 ./Core/Src/tasks.o
                0x08002a9c                xTaskGetTickCount
 .text.uxTaskGetNumberOfTasks
                0x08002abc       0x18 ./Core/Src/tasks.o
                0x08002abc                uxTaskGetNumberOfTasks
 .text.xTaskIncrementTick
                0x08002ad4      0x234 ./Core/Src/tasks.o
                0x08002ad4                xTaskIncrementTick
 .text.vTaskSwitchContext
                0x08002d08       0xbc ./Core/Src/tasks.o
                0x08002d08                vTaskSwitchContext
 .text.vTaskPlaceOnEventList
                0x08002dc4       0x4c ./Core/Src/tasks.o
                0x08002dc4                vTaskPlaceOnEventList
 .text.vTaskPlaceOnEventListRestricted
                0x08002e10       0x8c ./Core/Src/tasks.o
                0x08002e10                vTaskPlaceOnEventListRestricted
 .text.xTaskRemoveFromEventList
                0x08002e9c      0x1b4 ./Core/Src/tasks.o
                0x08002e9c                xTaskRemoveFromEventList
 .text.vTaskInternalSetTimeOutState
                0x08003050       0x2c ./Core/Src/tasks.o
                0x08003050                vTaskInternalSetTimeOutState
 .text.xTaskCheckForTimeOut
                0x0800307c       0xd0 ./Core/Src/tasks.o
                0x0800307c                xTaskCheckForTimeOut
 .text.vTaskMissedYield
                0x0800314c       0x18 ./Core/Src/tasks.o
                0x0800314c                vTaskMissedYield
 .text.prvIdleTask
                0x08003164       0x30 ./Core/Src/tasks.o
 .text.prvInitialiseTaskLists
                0x08003194       0x80 ./Core/Src/tasks.o
 .text.prvCheckTasksWaitingTermination
                0x08003214       0x5c ./Core/Src/tasks.o
 .text.prvDeleteTCB
                0x08003270       0x20 ./Core/Src/tasks.o
 .text.prvResetNextTaskUnblockTime
                0x08003290       0x38 ./Core/Src/tasks.o
 .text.xTaskGetSchedulerState
                0x080032c8       0x3c ./Core/Src/tasks.o
                0x080032c8                xTaskGetSchedulerState
 .text.prvAddCurrentTaskToDelayedList
                0x08003304      0x104 ./Core/Src/tasks.o
 .text.xTimerCreateTimerTask
                0x08003408       0x68 ./Core/Src/timers.o
                0x08003408                xTimerCreateTimerTask
 .text.prvReloadTimer
                0x08003470       0x42 ./Core/Src/timers.o
 *fill*         0x080034b2        0x2 
 .text.prvProcessExpiredTimer
                0x080034b4       0x60 ./Core/Src/timers.o
 .text.prvTimerTask
                0x08003514       0x26 ./Core/Src/timers.o
 *fill*         0x0800353a        0x2 
 .text.prvProcessTimerOrBlockTask
                0x0800353c       0x9c ./Core/Src/timers.o
 .text.prvGetNextExpireTime
                0x080035d8       0x48 ./Core/Src/timers.o
 .text.prvSampleTimeNow
                0x08003620       0x40 ./Core/Src/timers.o
 .text.prvInsertTimerInActiveList
                0x08003660       0x84 ./Core/Src/timers.o
 .text.prvProcessReceivedCommands
                0x080036e4      0x198 ./Core/Src/timers.o
 .text.prvSwitchTimerLists
                0x0800387c       0x4c ./Core/Src/timers.o
 .text.prvCheckForValidListAndQueue
                0x080038c8       0x6c ./Core/Src/timers.o
 .text.uartPinConfig
                0x08003934      0x14c ./Core/Src/uartEx.o
                0x08003934                uartPinConfig
 .text.UARTSendChar
                0x08003a80       0x34 ./Core/Src/uartEx.o
                0x08003a80                UARTSendChar
 .text.UARTSendString
                0x08003ab4       0x34 ./Core/Src/uartEx.o
                0x08003ab4                UARTSendString
 .text.print_hex
                0x08003ae8       0x5c ./Core/Src/uartEx.o
                0x08003ae8                print_hex
 .text.Reset_Handler
                0x08003b44       0x50 ./Core/Startup/startup_stm32g474retx.o
                0x08003b44                Reset_Handler
 .text.Default_Handler
                0x08003b94        0x2 ./Core/Startup/startup_stm32g474retx.o
                0x08003b94                RTC_Alarm_IRQHandler
                0x08003b94                EXTI2_IRQHandler
                0x08003b94                TIM8_TRG_COM_IRQHandler
                0x08003b94                TIM8_CC_IRQHandler
                0x08003b94                HRTIM1_Master_IRQHandler
                0x08003b94                SPI4_IRQHandler
                0x08003b94                FDCAN3_IT0_IRQHandler
                0x08003b94                TIM1_CC_IRQHandler
                0x08003b94                HRTIM1_FLT_IRQHandler
                0x08003b94                HRTIM1_TIMF_IRQHandler
                0x08003b94                USB_HP_IRQHandler
                0x08003b94                CORDIC_IRQHandler
                0x08003b94                HRTIM1_TIMD_IRQHandler
                0x08003b94                DMA2_Channel8_IRQHandler
                0x08003b94                EXTI3_IRQHandler
                0x08003b94                I2C3_ER_IRQHandler
                0x08003b94                EXTI0_IRQHandler
                0x08003b94                I2C2_EV_IRQHandler
                0x08003b94                FPU_IRQHandler
                0x08003b94                FDCAN1_IT1_IRQHandler
                0x08003b94                TIM1_UP_TIM16_IRQHandler
                0x08003b94                ADC1_2_IRQHandler
                0x08003b94                HRTIM1_TIME_IRQHandler
                0x08003b94                SPI1_IRQHandler
                0x08003b94                TIM6_DAC_IRQHandler
                0x08003b94                HRTIM1_TIMC_IRQHandler
                0x08003b94                TIM8_UP_IRQHandler
                0x08003b94                DMA2_Channel2_IRQHandler
                0x08003b94                DMA1_Channel4_IRQHandler
                0x08003b94                TIM20_TRG_COM_IRQHandler
                0x08003b94                USART3_IRQHandler
                0x08003b94                DMA1_Channel7_IRQHandler
                0x08003b94                UART5_IRQHandler
                0x08003b94                ADC3_IRQHandler
                0x08003b94                TIM4_IRQHandler
                0x08003b94                DMA2_Channel1_IRQHandler
                0x08003b94                QUADSPI_IRQHandler
                0x08003b94                I2C1_EV_IRQHandler
                0x08003b94                DMA1_Channel6_IRQHandler
                0x08003b94                UART4_IRQHandler
                0x08003b94                DMA2_Channel4_IRQHandler
                0x08003b94                TIM3_IRQHandler
                0x08003b94                RCC_IRQHandler
                0x08003b94                TIM20_UP_IRQHandler
                0x08003b94                DMA1_Channel1_IRQHandler
                0x08003b94                Default_Handler
                0x08003b94                DMA2_Channel7_IRQHandler
                0x08003b94                RTC_TAMP_LSECSS_IRQHandler
                0x08003b94                FMAC_IRQHandler
                0x08003b94                DMA1_Channel8_IRQHandler
                0x08003b94                HRTIM1_TIMA_IRQHandler
                0x08003b94                TIM7_DAC_IRQHandler
                0x08003b94                FDCAN3_IT1_IRQHandler
                0x08003b94                TIM5_IRQHandler
                0x08003b94                UCPD1_IRQHandler
                0x08003b94                I2C3_EV_IRQHandler
                0x08003b94                EXTI9_5_IRQHandler
                0x08003b94                RTC_WKUP_IRQHandler
                0x08003b94                PVD_PVM_IRQHandler
                0x08003b94                SPI2_IRQHandler
                0x08003b94                ADC5_IRQHandler
                0x08003b94                DMA2_Channel5_IRQHandler
                0x08003b94                CRS_IRQHandler
                0x08003b94                DMA1_Channel5_IRQHandler
                0x08003b94                USB_LP_IRQHandler
                0x08003b94                EXTI4_IRQHandler
                0x08003b94                RNG_IRQHandler
                0x08003b94                HRTIM1_TIMB_IRQHandler
                0x08003b94                TIM1_TRG_COM_TIM17_IRQHandler
                0x08003b94                FDCAN2_IT1_IRQHandler
                0x08003b94                DMA1_Channel3_IRQHandler
                0x08003b94                ADC4_IRQHandler
                0x08003b94                WWDG_IRQHandler
                0x08003b94                I2C4_EV_IRQHandler
                0x08003b94                FDCAN2_IT0_IRQHandler
                0x08003b94                LPUART1_IRQHandler
                0x08003b94                DMA2_Channel6_IRQHandler
                0x08003b94                FDCAN1_IT0_IRQHandler
                0x08003b94                COMP7_IRQHandler
                0x08003b94                COMP1_2_3_IRQHandler
                0x08003b94                EXTI1_IRQHandler
                0x08003b94                USART2_IRQHandler
                0x08003b94                COMP4_5_6_IRQHandler
                0x08003b94                TIM20_BRK_IRQHandler
                0x08003b94                I2C2_ER_IRQHandler
                0x08003b94                DMA1_Channel2_IRQHandler
                0x08003b94                TIM8_BRK_IRQHandler
                0x08003b94                FLASH_IRQHandler
                0x08003b94                TIM20_CC_IRQHandler
                0x08003b94                USART1_IRQHandler
                0x08003b94                SPI3_IRQHandler
                0x08003b94                I2C1_ER_IRQHandler
                0x08003b94                FMC_IRQHandler
                0x08003b94                LPTIM1_IRQHandler
                0x08003b94                DMAMUX_OVR_IRQHandler
                0x08003b94                I2C4_ER_IRQHandler
                0x08003b94                USBWakeUp_IRQHandler
                0x08003b94                SAI1_IRQHandler
                0x08003b94                DMA2_Channel3_IRQHandler
                0x08003b94                TIM1_BRK_TIM15_IRQHandler
 *fill*         0x08003b96        0x2 
 .text.BSP_LED_Init
                0x08003b98       0x6c ./Drivers/BSP/STM32G4xx_Nucleo/stm32g4xx_nucleo.o
                0x08003b98                BSP_LED_Init
 .text.BSP_PB_Init
                0x08003c04       0xdc ./Drivers/BSP/STM32G4xx_Nucleo/stm32g4xx_nucleo.o
                0x08003c04                BSP_PB_Init
 .text.BSP_PB_Callback
                0x08003ce0       0x16 ./Drivers/BSP/STM32G4xx_Nucleo/stm32g4xx_nucleo.o
                0x08003ce0                BSP_PB_Callback
 *fill*         0x08003cf6        0x2 
 .text.BSP_COM_Init
                0x08003cf8       0x60 ./Drivers/BSP/STM32G4xx_Nucleo/stm32g4xx_nucleo.o
                0x08003cf8                BSP_COM_Init
 .text.MX_LPUART1_Init
                0x08003d58       0x64 ./Drivers/BSP/STM32G4xx_Nucleo/stm32g4xx_nucleo.o
                0x08003d58                MX_LPUART1_Init
 .text.BUTTON_USER_EXTI_Callback
                0x08003dbc        0xe ./Drivers/BSP/STM32G4xx_Nucleo/stm32g4xx_nucleo.o
 *fill*         0x08003dca        0x2 
 .text.COM1_MspInit
                0x08003dcc       0x98 ./Drivers/BSP/STM32G4xx_Nucleo/stm32g4xx_nucleo.o
 .text.HAL_Init
                0x08003e64       0x30 ./Drivers/STM32G4xx_HAL_Driver/Src/stm32g4xx_hal.o
                0x08003e64                HAL_Init
 .text.HAL_InitTick
                0x08003e94       0x74 ./Drivers/STM32G4xx_HAL_Driver/Src/stm32g4xx_hal.o
                0x08003e94                HAL_InitTick
 .text.HAL_GetTick
                0x08003f08       0x18 ./Drivers/STM32G4xx_HAL_Driver/Src/stm32g4xx_hal.o
                0x08003f08                HAL_GetTick
 .text.__NVIC_SetPriorityGrouping
                0x08003f20       0x48 ./Drivers/STM32G4xx_HAL_Driver/Src/stm32g4xx_hal_cortex.o
 .text.__NVIC_GetPriorityGrouping
                0x08003f68       0x1c ./Drivers/STM32G4xx_HAL_Driver/Src/stm32g4xx_hal_cortex.o
 .text.__NVIC_EnableIRQ
                0x08003f84       0x3c ./Drivers/STM32G4xx_HAL_Driver/Src/stm32g4xx_hal_cortex.o
 .text.__NVIC_SetPriority
                0x08003fc0       0x54 ./Drivers/STM32G4xx_HAL_Driver/Src/stm32g4xx_hal_cortex.o
 .text.NVIC_EncodePriority
                0x08004014       0x66 ./Drivers/STM32G4xx_HAL_Driver/Src/stm32g4xx_hal_cortex.o
 *fill*         0x0800407a        0x2 
 .text.SysTick_Config
                0x0800407c       0x44 ./Drivers/STM32G4xx_HAL_Driver/Src/stm32g4xx_hal_cortex.o
 .text.HAL_NVIC_SetPriorityGrouping
                0x080040c0       0x16 ./Drivers/STM32G4xx_HAL_Driver/Src/stm32g4xx_hal_cortex.o
                0x080040c0                HAL_NVIC_SetPriorityGrouping
 .text.HAL_NVIC_SetPriority
                0x080040d6       0x34 ./Drivers/STM32G4xx_HAL_Driver/Src/stm32g4xx_hal_cortex.o
                0x080040d6                HAL_NVIC_SetPriority
 .text.HAL_NVIC_EnableIRQ
                0x0800410a       0x1c ./Drivers/STM32G4xx_HAL_Driver/Src/stm32g4xx_hal_cortex.o
                0x0800410a                HAL_NVIC_EnableIRQ
 .text.HAL_SYSTICK_Config
                0x08004126       0x18 ./Drivers/STM32G4xx_HAL_Driver/Src/stm32g4xx_hal_cortex.o
                0x08004126                HAL_SYSTICK_Config
 .text.HAL_EXTI_RegisterCallback
                0x0800413e       0x3a ./Drivers/STM32G4xx_HAL_Driver/Src/stm32g4xx_hal_exti.o
                0x0800413e                HAL_EXTI_RegisterCallback
 .text.HAL_EXTI_GetHandle
                0x08004178       0x28 ./Drivers/STM32G4xx_HAL_Driver/Src/stm32g4xx_hal_exti.o
                0x08004178                HAL_EXTI_GetHandle
 .text.HAL_GPIO_Init
                0x080041a0      0x318 ./Drivers/STM32G4xx_HAL_Driver/Src/stm32g4xx_hal_gpio.o
                0x080041a0                HAL_GPIO_Init
 .text.HAL_GPIO_WritePin
                0x080044b8       0x30 ./Drivers/STM32G4xx_HAL_Driver/Src/stm32g4xx_hal_gpio.o
                0x080044b8                HAL_GPIO_WritePin
 .text.HAL_I2C_Init
                0x080044e8      0x136 ./Drivers/STM32G4xx_HAL_Driver/Src/stm32g4xx_hal_i2c.o
                0x080044e8                HAL_I2C_Init
 .text.HAL_I2CEx_ConfigAnalogFilter
                0x0800461e       0x96 ./Drivers/STM32G4xx_HAL_Driver/Src/stm32g4xx_hal_i2c_ex.o
                0x0800461e                HAL_I2CEx_ConfigAnalogFilter
 .text.HAL_I2CEx_ConfigDigitalFilter
                0x080046b4       0x98 ./Drivers/STM32G4xx_HAL_Driver/Src/stm32g4xx_hal_i2c_ex.o
                0x080046b4                HAL_I2CEx_ConfigDigitalFilter
 .text.HAL_PWREx_ControlVoltageScaling
                0x0800474c      0x148 ./Drivers/STM32G4xx_HAL_Driver/Src/stm32g4xx_hal_pwr_ex.o
                0x0800474c                HAL_PWREx_ControlVoltageScaling
 .text.HAL_PWREx_DisableUCPDDeadBattery
                0x08004894       0x20 ./Drivers/STM32G4xx_HAL_Driver/Src/stm32g4xx_hal_pwr_ex.o
                0x08004894                HAL_PWREx_DisableUCPDDeadBattery
 .text.HAL_RCC_OscConfig
                0x080048b4      0x624 ./Drivers/STM32G4xx_HAL_Driver/Src/stm32g4xx_hal_rcc.o
                0x080048b4                HAL_RCC_OscConfig
 .text.HAL_RCC_ClockConfig
                0x08004ed8      0x278 ./Drivers/STM32G4xx_HAL_Driver/Src/stm32g4xx_hal_rcc.o
                0x08004ed8                HAL_RCC_ClockConfig
 .text.HAL_RCC_GetSysClockFreq
                0x08005150       0xc4 ./Drivers/STM32G4xx_HAL_Driver/Src/stm32g4xx_hal_rcc.o
                0x08005150                HAL_RCC_GetSysClockFreq
 .text.HAL_RCC_GetHCLKFreq
                0x08005214       0x18 ./Drivers/STM32G4xx_HAL_Driver/Src/stm32g4xx_hal_rcc.o
                0x08005214                HAL_RCC_GetHCLKFreq
 .text.HAL_RCC_GetPCLK1Freq
                0x0800522c       0x2c ./Drivers/STM32G4xx_HAL_Driver/Src/stm32g4xx_hal_rcc.o
                0x0800522c                HAL_RCC_GetPCLK1Freq
 .text.HAL_RCC_GetPCLK2Freq
                0x08005258       0x2c ./Drivers/STM32G4xx_HAL_Driver/Src/stm32g4xx_hal_rcc.o
                0x08005258                HAL_RCC_GetPCLK2Freq
 .text.RCC_GetSysClockFreqFromPLLSource
                0x08005284       0x8c ./Drivers/STM32G4xx_HAL_Driver/Src/stm32g4xx_hal_rcc.o
 .text.HAL_RCCEx_PeriphCLKConfig
                0x08005310      0x49c ./Drivers/STM32G4xx_HAL_Driver/Src/stm32g4xx_hal_rcc_ex.o
                0x08005310                HAL_RCCEx_PeriphCLKConfig
 .text.HAL_UART_Init
                0x080057ac       0xa0 ./Drivers/STM32G4xx_HAL_Driver/Src/stm32g4xx_hal_uart.o
                0x080057ac                HAL_UART_Init
 .text.HAL_UART_MspInit
                0x0800584c       0x14 ./Drivers/STM32G4xx_HAL_Driver/Src/stm32g4xx_hal_uart.o
                0x0800584c                HAL_UART_MspInit
 .text.UART_SetConfig
                0x08005860      0x5f8 ./Drivers/STM32G4xx_HAL_Driver/Src/stm32g4xx_hal_uart.o
                0x08005860                UART_SetConfig
 .text.UART_AdvFeatureConfig
                0x08005e58      0x144 ./Drivers/STM32G4xx_HAL_Driver/Src/stm32g4xx_hal_uart.o
                0x08005e58                UART_AdvFeatureConfig
 .text.UART_CheckIdleState
                0x08005f9c      0x154 ./Drivers/STM32G4xx_HAL_Driver/Src/stm32g4xx_hal_uart.o
                0x08005f9c                UART_CheckIdleState
 .text.UART_WaitOnFlagUntilTimeout
                0x080060f0       0xda ./Drivers/STM32G4xx_HAL_Driver/Src/stm32g4xx_hal_uart.o
                0x080060f0                UART_WaitOnFlagUntilTimeout
 .text.UART_EndRxTransfer
                0x080061ca       0xcc ./Drivers/STM32G4xx_HAL_Driver/Src/stm32g4xx_hal_uart.o
 .text.memset   0x08006296       0x10 D:/stm32/STM32CubeIDE/plugins/com.st.stm32cube.ide.mcu.externaltools.gnu-tools-for-stm32.14.3.rel1.win32_1.0.100.202602081740/tools/bin/../lib/gcc/arm-none-eabi/14.3.1/../../../../arm-none-eabi/lib/thumb/v7e-m+fp/hard\libc_nano.a(libc_a-memset.o)
                0x08006296                memset
 *fill*         0x080062a6        0x2 
 .text.__libc_init_array
                0x080062a8       0x48 D:/stm32/STM32CubeIDE/plugins/com.st.stm32cube.ide.mcu.externaltools.gnu-tools-for-stm32.14.3.rel1.win32_1.0.100.202602081740/tools/bin/../lib/gcc/arm-none-eabi/14.3.1/../../../../arm-none-eabi/lib/thumb/v7e-m+fp/hard\libc_nano.a(libc_a-init.o)
                0x080062a8                __libc_init_array
 .text.memcpy   0x080062f0       0x1c D:/stm32/STM32CubeIDE/plugins/com.st.stm32cube.ide.mcu.externaltools.gnu-tools-for-stm32.14.3.rel1.win32_1.0.100.202602081740/tools/bin/../lib/gcc/arm-none-eabi/14.3.1/../../../../arm-none-eabi/lib/thumb/v7e-m+fp/hard\libc_nano.a(libc_a-memcpy-stub.o)
                0x080062f0                memcpy
 *(.glue_7)
 .glue_7        0x0800630c        0x0 linker stubs
 *(.glue_7t)
 .glue_7t       0x0800630c        0x0 linker stubs
 *(.eh_frame)
 .eh_frame      0x0800630c        0x0 D:/stm32/STM32CubeIDE/plugins/com.st.stm32cube.ide.mcu.externaltools.gnu-tools-for-stm32.14.3.rel1.win32_1.0.100.202602081740/tools/bin/../lib/gcc/arm-none-eabi/14.3.1/thumb/v7e-m+fp/hard/crtbegin.o
 *(.init)
 .init          0x0800630c        0x4 D:/stm32/STM32CubeIDE/plugins/com.st.stm32cube.ide.mcu.externaltools.gnu-tools-for-stm32.14.3.rel1.win32_1.0.100.202602081740/tools/bin/../lib/gcc/arm-none-eabi/14.3.1/thumb/v7e-m+fp/hard/crti.o
                0x0800630c                _init
 .init          0x08006310        0x8 D:/stm32/STM32CubeIDE/plugins/com.st.stm32cube.ide.mcu.externaltools.gnu-tools-for-stm32.14.3.rel1.win32_1.0.100.202602081740/tools/bin/../lib/gcc/arm-none-eabi/14.3.1/thumb/v7e-m+fp/hard/crtn.o
 *(.fini)
 .fini          0x08006318        0x4 D:/stm32/STM32CubeIDE/plugins/com.st.stm32cube.ide.mcu.externaltools.gnu-tools-for-stm32.14.3.rel1.win32_1.0.100.202602081740/tools/bin/../lib/gcc/arm-none-eabi/14.3.1/thumb/v7e-m+fp/hard/crti.o
                0x08006318                _fini
 .fini          0x0800631c        0x8 D:/stm32/STM32CubeIDE/plugins/com.st.stm32cube.ide.mcu.externaltools.gnu-tools-for-stm32.14.3.rel1.win32_1.0.100.202602081740/tools/bin/../lib/gcc/arm-none-eabi/14.3.1/thumb/v7e-m+fp/hard/crtn.o
                0x08006324                        . = ALIGN (0x4)
                0x08006324                        _etext = .

.vfp11_veneer   0x08006324        0x0
 .vfp11_veneer  0x08006324        0x0 linker stubs

.v4_bx          0x08006324        0x0
 .v4_bx         0x08006324        0x0 linker stubs

.iplt           0x08006324        0x0
 .iplt          0x08006324        0x0 D:/stm32/STM32CubeIDE/plugins/com.st.stm32cube.ide.mcu.externaltools.gnu-tools-for-stm32.14.3.rel1.win32_1.0.100.202602081740/tools/bin/../lib/gcc/arm-none-eabi/14.3.1/thumb/v7e-m+fp/hard/crtbegin.o

.rodata         0x08006324       0xa8
                0x08006324                        . = ALIGN (0x4)
 *(.rodata)
 .rodata        0x08006324       0x21 ./Core/Src/freeRTOSQueueTest.o
 *fill*         0x08006345        0x3 
 .rodata        0x08006348       0x1a ./Core/Src/main.o
 *fill*         0x08006362        0x2 
 .rodata        0x08006364        0x5 ./Core/Src/tasks.o
 *fill*         0x08006369        0x3 
 .rodata        0x0800636c        0xd ./Core/Src/timers.o
 *fill*         0x08006379        0x3 
 .rodata        0x0800637c       0x15 ./Core/Src/uartEx.o
 *(.rodata*)
 *fill*         0x08006391        0x3 
 .rodata.AHBPrescTable
                0x08006394       0x10 ./Core/Src/system_stm32g4xx.o
                0x08006394                AHBPrescTable
 .rodata.APBPrescTable
                0x080063a4        0x8 ./Core/Src/system_stm32g4xx.o
                0x080063a4                APBPrescTable
 .rodata.uxTopUsedPriority
                0x080063ac        0x4 ./Core/Src/tasks.o
 .rodata.BUTTON_EXTI_LINE.2
                0x080063b0        0x4 ./Drivers/BSP/STM32G4xx_Nucleo/stm32g4xx_nucleo.o
 .rodata.UARTPrescTable
                0x080063b4       0x18 ./Drivers/STM32G4xx_HAL_Driver/Src/stm32g4xx_hal_uart.o
                0x080063b4                UARTPrescTable
                0x080063cc                        . = ALIGN (0x4)

.ARM.extab      0x080063cc        0x0
                0x080063cc                        . = ALIGN (0x4)
 *(.ARM.extab* .gnu.linkonce.armextab.*)
                0x080063cc                        . = ALIGN (0x4)

.ARM            0x080063cc        0x8
                0x080063cc                        . = ALIGN (0x4)
                0x080063cc                        __exidx_start = .
 *(.ARM.exidx*)
 .ARM.exidx     0x080063cc        0x8 D:/stm32/STM32CubeIDE/plugins/com.st.stm32cube.ide.mcu.externaltools.gnu-tools-for-stm32.14.3.rel1.win32_1.0.100.202602081740/tools/bin/../lib/gcc/arm-none-eabi/14.3.1/thumb/v7e-m+fp/hard\libgcc.a(_udivmoddi4.o)
                0x080063d4                        __exidx_end = .
                0x080063d4                        . = ALIGN (0x4)

.preinit_array  0x080063d4        0x0
                0x080063d4                        . = ALIGN (0x4)
                0x080063d4                        PROVIDE (__preinit_array_start = .)
 *(.preinit_array*)
                0x080063d4                        PROVIDE (__preinit_array_end = .)
                0x080063d4                        . = ALIGN (0x4)

.init_array     0x080063d4        0x4
                0x080063d4                        . = ALIGN (0x4)
                0x080063d4                        PROVIDE (__init_array_start = .)
 *(SORT_BY_NAME(.init_array.*))
 *(.init_array*)
 .init_array    0x080063d4        0x4 D:/stm32/STM32CubeIDE/plugins/com.st.stm32cube.ide.mcu.externaltools.gnu-tools-for-stm32.14.3.rel1.win32_1.0.100.202602081740/tools/bin/../lib/gcc/arm-none-eabi/14.3.1/thumb/v7e-m+fp/hard/crtbegin.o
                0x080063d8                        PROVIDE (__init_array_end = .)
                0x080063d8                        . = ALIGN (0x4)

.fini_array     0x080063d8        0x4
                0x080063d8                        . = ALIGN (0x4)
                [!provide]                        PROVIDE (__fini_array_start = .)
 *(SORT_BY_NAME(.fini_array.*))
 *(.fini_array*)
 .fini_array    0x080063d8        0x4 D:/stm32/STM32CubeIDE/plugins/com.st.stm32cube.ide.mcu.externaltools.gnu-tools-for-stm32.14.3.rel1.win32_1.0.100.202602081740/tools/bin/../lib/gcc/arm-none-eabi/14.3.1/thumb/v7e-m+fp/hard/crtbegin.o
                [!provide]                        PROVIDE (__fini_array_end = .)
                0x080063dc                        . = ALIGN (0x4)
                0x080063dc                        _sidata = LOADADDR (.data)

.rel.dyn        0x080063dc        0x0
 .rel.iplt      0x080063dc        0x0 D:/stm32/STM32CubeIDE/plugins/com.st.stm32cube.ide.mcu.externaltools.gnu-tools-for-stm32.14.3.rel1.win32_1.0.100.202602081740/tools/bin/../lib/gcc/arm-none-eabi/14.3.1/thumb/v7e-m+fp/hard/crtbegin.o

.data           0x20000000       0x24 load address 0x080063dc
                0x20000000                        . = ALIGN (0x4)
                0x20000000                        _sdata = .
 *(.data)
 *(.data*)
 .data.uxCriticalNesting
                0x20000000        0x4 ./Core/Src/port.o
 .data.SystemCoreClock
                0x20000004        0x4 ./Core/Src/system_stm32g4xx.o
                0x20000004                SystemCoreClock
 .data.LED_PORT
                0x20000008        0x4 ./Drivers/BSP/STM32G4xx_Nucleo/stm32g4xx_nucleo.o
 .data.BUTTON_PORT
                0x2000000c        0x4 ./Drivers/BSP/STM32G4xx_Nucleo/stm32g4xx_nucleo.o
 .data.COM_USART
                0x20000010        0x4 ./Drivers/BSP/STM32G4xx_Nucleo/stm32g4xx_nucleo.o
 .data.ButtonCallback.1
                0x20000014        0x4 ./Drivers/BSP/STM32G4xx_Nucleo/stm32g4xx_nucleo.o
 .data.BSP_BUTTON_PRIO.0
                0x20000018        0x4 ./Drivers/BSP/STM32G4xx_Nucleo/stm32g4xx_nucleo.o
 .data.uwTickPrio
                0x2000001c        0x4 ./Drivers/STM32G4xx_HAL_Driver/Src/stm32g4xx_hal.o
                0x2000001c                uwTickPrio
 .data.uwTickFreq
                0x20000020        0x4 ./Drivers/STM32G4xx_HAL_Driver/Src/stm32g4xx_hal.o
                0x20000020                uwTickFreq
 *(.RamFunc)
 *(.RamFunc*)
                0x20000024                        . = ALIGN (0x4)
                0x20000024                        _edata = .

.igot.plt       0x20000024        0x0 load address 0x08006400
 .igot.plt      0x20000024        0x0 D:/stm32/STM32CubeIDE/plugins/com.st.stm32cube.ide.mcu.externaltools.gnu-tools-for-stm32.14.3.rel1.win32_1.0.100.202602081740/tools/bin/../lib/gcc/arm-none-eabi/14.3.1/thumb/v7e-m+fp/hard/crtbegin.o
                0x20000024                        . = ALIGN (0x4)

.bss            0x20000024    0x12ed0 load address 0x08006400
                0x20000024                        _sbss = .
                0x20000024                        __bss_start__ = _sbss
 *(.bss)
 .bss           0x20000024       0x1c D:/stm32/STM32CubeIDE/plugins/com.st.stm32cube.ide.mcu.externaltools.gnu-tools-for-stm32.14.3.rel1.win32_1.0.100.202602081740/tools/bin/../lib/gcc/arm-none-eabi/14.3.1/thumb/v7e-m+fp/hard/crtbegin.o
 *(.bss*)
 .bss.count     0x20000040        0x4 ./Core/Src/driverEx.o
                0x20000040                count
 .bss.UARTParameter_Config.0
                0x20000044        0x4 ./Core/Src/freeRTOSQueueTest.o
 .bss.buttonSemaphore
                0x20000048        0x4 ./Core/Src/freeRTOSSemaphoreTest.o
 .bss.ucHeap    0x2000004c    0x12c00 ./Core/Src/heap_4.o
 .bss.xStart    0x20012c4c        0x8 ./Core/Src/heap_4.o
 .bss.pxEnd     0x20012c54        0x4 ./Core/Src/heap_4.o
 .bss.xFreeBytesRemaining
                0x20012c58        0x4 ./Core/Src/heap_4.o
 .bss.xMinimumEverFreeBytesRemaining
                0x20012c5c        0x4 ./Core/Src/heap_4.o
 .bss.xNumberOfSuccessfulAllocations
                0x20012c60        0x4 ./Core/Src/heap_4.o
 .bss.xNumberOfSuccessfulFrees
                0x20012c64        0x4 ./Core/Src/heap_4.o
 .bss.BspCOMInit
                0x20012c68       0x10 ./Core/Src/main.o
                0x20012c68                BspCOMInit
 .bss.hi2c1     0x20012c78       0x54 ./Core/Src/main.o
                0x20012c78                hi2c1
 .bss.ucMaxSysCallPriority
                0x20012ccc        0x1 ./Core/Src/port.o
 *fill*         0x20012ccd        0x3 
 .bss.ulMaxPRIGROUPValue
                0x20012cd0        0x4 ./Core/Src/port.o
 .bss.xQueueRegistry
                0x20012cd4       0x40 ./Core/Src/queue.o
                0x20012cd4                xQueueRegistry
 .bss.pxCurrentTCB
                0x20012d14        0x4 ./Core/Src/tasks.o
                0x20012d14                pxCurrentTCB
 .bss.pxReadyTasksLists
                0x20012d18       0x64 ./Core/Src/tasks.o
 .bss.xDelayedTaskList1
                0x20012d7c       0x14 ./Core/Src/tasks.o
 .bss.xDelayedTaskList2
                0x20012d90       0x14 ./Core/Src/tasks.o
 .bss.pxDelayedTaskList
                0x20012da4        0x4 ./Core/Src/tasks.o
 .bss.pxOverflowDelayedTaskList
                0x20012da8        0x4 ./Core/Src/tasks.o
 .bss.xPendingReadyList
                0x20012dac       0x14 ./Core/Src/tasks.o
 .bss.xTasksWaitingTermination
                0x20012dc0       0x14 ./Core/Src/tasks.o
 .bss.uxDeletedTasksWaitingCleanUp
                0x20012dd4        0x4 ./Core/Src/tasks.o
 .bss.xSuspendedTaskList
                0x20012dd8       0x14 ./Core/Src/tasks.o
 .bss.uxCurrentNumberOfTasks
                0x20012dec        0x4 ./Core/Src/tasks.o
 .bss.xTickCount
                0x20012df0        0x4 ./Core/Src/tasks.o
 .bss.uxTopReadyPriority
                0x20012df4        0x4 ./Core/Src/tasks.o
 .bss.xSchedulerRunning
                0x20012df8        0x4 ./Core/Src/tasks.o
 .bss.xPendedTicks
                0x20012dfc        0x4 ./Core/Src/tasks.o
 .bss.xYieldPendings
                0x20012e00        0x4 ./Core/Src/tasks.o
 .bss.xNumOfOverflows
                0x20012e04        0x4 ./Core/Src/tasks.o
 .bss.uxTaskNumber
                0x20012e08        0x4 ./Core/Src/tasks.o
 .bss.xNextTaskUnblockTime
                0x20012e0c        0x4 ./Core/Src/tasks.o
 .bss.xIdleTaskHandles
                0x20012e10        0x4 ./Core/Src/tasks.o
 .bss.uxSchedulerSuspended
                0x20012e14        0x4 ./Core/Src/tasks.o
 .bss.xActiveTimerList1
                0x20012e18       0x14 ./Core/Src/timers.o
 .bss.xActiveTimerList2
                0x20012e2c       0x14 ./Core/Src/timers.o
 .bss.pxCurrentTimerList
                0x20012e40        0x4 ./Core/Src/timers.o
 .bss.pxOverflowTimerList
                0x20012e44        0x4 ./Core/Src/timers.o
 .bss.xTimerQueue
                0x20012e48        0x4 ./Core/Src/timers.o
 .bss.xTimerTaskHandle
                0x20012e4c        0x4 ./Core/Src/timers.o
 .bss.xLastTime.0
                0x20012e50        0x4 ./Core/Src/timers.o
 .bss.hpb_exti  0x20012e54        0x8 ./Drivers/BSP/STM32G4xx_Nucleo/stm32g4xx_nucleo.o
                0x20012e54                hpb_exti
 .bss.hcom_uart
                0x20012e5c       0x94 ./Drivers/BSP/STM32G4xx_Nucleo/stm32g4xx_nucleo.o
                0x20012e5c                hcom_uart
 .bss.uwTick    0x20012ef0        0x4 ./Drivers/STM32G4xx_HAL_Driver/Src/stm32g4xx_hal.o
                0x20012ef0                uwTick
 *(COMMON)
                0x20012ef4                        . = ALIGN (0x4)
                0x20012ef4                        _ebss = .
                0x20012ef4                        __bss_end__ = _ebss

._user_heap_stack
                0x20012ef4      0x604 load address 0x08006400
                0x20012ef8                        . = ALIGN (0x8)
 *fill*         0x20012ef4        0x4 
                [!provide]                        PROVIDE (end = .)
                0x20012ef8                        PROVIDE (_end = .)
                0x200130f8                        . = (. + _Min_Heap_Size)
 *fill*         0x20012ef8      0x200 
                0x200134f8                        . = (. + _Min_Stack_Size)
 *fill*         0x200130f8      0x400 
                0x200134f8                        . = ALIGN (0x8)

/DISCARD/
 libc.a(*)
 libm.a(*)
 libgcc.a(*)

.ARM.attributes
                0x00000000       0x30
 *(.ARM.attributes)
 .ARM.attributes
                0x00000000       0x22 D:/stm32/STM32CubeIDE/plugins/com.st.stm32cube.ide.mcu.externaltools.gnu-tools-for-stm32.14.3.rel1.win32_1.0.100.202602081740/tools/bin/../lib/gcc/arm-none-eabi/14.3.1/thumb/v7e-m+fp/hard/crti.o
 .ARM.attributes
                0x00000022       0x34 D:/stm32/STM32CubeIDE/plugins/com.st.stm32cube.ide.mcu.externaltools.gnu-tools-for-stm32.14.3.rel1.win32_1.0.100.202602081740/tools/bin/../lib/gcc/arm-none-eabi/14.3.1/thumb/v7e-m+fp/hard/crtbegin.o
 .ARM.attributes
                0x00000056       0x34 ./Core/Src/driverEx.o
 .ARM.attributes
                0x0000008a       0x34 ./Core/Src/freeRTOSQueueTest.o
 .ARM.attributes
                0x000000be       0x34 ./Core/Src/freeRTOSSemaphoreTest.o
 .ARM.attributes
                0x000000f2       0x34 ./Core/Src/heap_4.o
 .ARM.attributes
                0x00000126       0x34 ./Core/Src/i2c.o
 .ARM.attributes
                0x0000015a       0x34 ./Core/Src/list.o
 .ARM.attributes
                0x0000018e       0x34 ./Core/Src/main.o
 .ARM.attributes
                0x000001c2       0x34 ./Core/Src/port.o
 .ARM.attributes
                0x000001f6       0x34 ./Core/Src/queue.o
 .ARM.attributes
                0x0000022a       0x34 ./Core/Src/stm32g4xx_hal_msp.o
 .ARM.attributes
                0x0000025e       0x34 ./Core/Src/stm32g4xx_it.o
 .ARM.attributes
                0x00000292       0x34 ./Core/Src/system_stm32g4xx.o
 .ARM.attributes
                0x000002c6       0x34 ./Core/Src/tasks.o
 .ARM.attributes
                0x000002fa       0x34 ./Core/Src/timers.o
 .ARM.attributes
                0x0000032e       0x34 ./Core/Src/uartEx.o
 .ARM.attributes
                0x00000362       0x21 ./Core/Startup/startup_stm32g474retx.o
 .ARM.attributes
                0x00000383       0x34 ./Drivers/BSP/STM32G4xx_Nucleo/stm32g4xx_nucleo.o
 .ARM.attributes
                0x000003b7       0x34 ./Drivers/STM32G4xx_HAL_Driver/Src/stm32g4xx_hal.o
 .ARM.attributes
                0x000003eb       0x34 ./Drivers/STM32G4xx_HAL_Driver/Src/stm32g4xx_hal_cortex.o
 .ARM.attributes
                0x0000041f       0x34 ./Drivers/STM32G4xx_HAL_Driver/Src/stm32g4xx_hal_exti.o
 .ARM.attributes
                0x00000453       0x34 ./Drivers/STM32G4xx_HAL_Driver/Src/stm32g4xx_hal_gpio.o
 .ARM.attributes
                0x00000487       0x34 ./Drivers/STM32G4xx_HAL_Driver/Src/stm32g4xx_hal_i2c.o
 .ARM.attributes
                0x000004bb       0x34 ./Drivers/STM32G4xx_HAL_Driver/Src/stm32g4xx_hal_i2c_ex.o
 .ARM.attributes
                0x000004ef       0x34 ./Drivers/STM32G4xx_HAL_Driver/Src/stm32g4xx_hal_pwr_ex.o
 .ARM.attributes
                0x00000523       0x34 ./Drivers/STM32G4xx_HAL_Driver/Src/stm32g4xx_hal_rcc.o
 .ARM.attributes
                0x00000557       0x34 ./Drivers/STM32G4xx_HAL_Driver/Src/stm32g4xx_hal_rcc_ex.o
 .ARM.attributes
                0x0000058b       0x34 ./Drivers/STM32G4xx_HAL_Driver/Src/stm32g4xx_hal_uart.o
 .ARM.attributes
                0x000005bf       0x34 D:/stm32/STM32CubeIDE/plugins/com.st.stm32cube.ide.mcu.externaltools.gnu-tools-for-stm32.14.3.rel1.win32_1.0.100.202602081740/tools/bin/../lib/gcc/arm-none-eabi/14.3.1/../../../../arm-none-eabi/lib/thumb/v7e-m+fp/hard\libc_nano.a(libc_a-memset.o)
 .ARM.attributes
                0x000005f3       0x34 D:/stm32/STM32CubeIDE/plugins/com.st.stm32cube.ide.mcu.externaltools.gnu-tools-for-stm32.14.3.rel1.win32_1.0.100.202602081740/tools/bin/../lib/gcc/arm-none-eabi/14.3.1/../../../../arm-none-eabi/lib/thumb/v7e-m+fp/hard\libc_nano.a(libc_a-init.o)
 .ARM.attributes
                0x00000627       0x34 D:/stm32/STM32CubeIDE/plugins/com.st.stm32cube.ide.mcu.externaltools.gnu-tools-for-stm32.14.3.rel1.win32_1.0.100.202602081740/tools/bin/../lib/gcc/arm-none-eabi/14.3.1/../../../../arm-none-eabi/lib/thumb/v7e-m+fp/hard\libc_nano.a(libc_a-memcpy-stub.o)
 .ARM.attributes
                0x0000065b       0x22 D:/stm32/STM32CubeIDE/plugins/com.st.stm32cube.ide.mcu.externaltools.gnu-tools-for-stm32.14.3.rel1.win32_1.0.100.202602081740/tools/bin/../lib/gcc/arm-none-eabi/14.3.1/thumb/v7e-m+fp/hard\libgcc.a(_aeabi_uldivmod.o)
 .ARM.attributes
                0x0000067d       0x34 D:/stm32/STM32CubeIDE/plugins/com.st.stm32cube.ide.mcu.externaltools.gnu-tools-for-stm32.14.3.rel1.win32_1.0.100.202602081740/tools/bin/../lib/gcc/arm-none-eabi/14.3.1/thumb/v7e-m+fp/hard\libgcc.a(_udivmoddi4.o)
 .ARM.attributes
                0x000006b1       0x22 D:/stm32/STM32CubeIDE/plugins/com.st.stm32cube.ide.mcu.externaltools.gnu-tools-for-stm32.14.3.rel1.win32_1.0.100.202602081740/tools/bin/../lib/gcc/arm-none-eabi/14.3.1/thumb/v7e-m+fp/hard\libgcc.a(_dvmd_tls.o)
 .ARM.attributes
                0x000006d3       0x22 D:/stm32/STM32CubeIDE/plugins/com.st.stm32cube.ide.mcu.externaltools.gnu-tools-for-stm32.14.3.rel1.win32_1.0.100.202602081740/tools/bin/../lib/gcc/arm-none-eabi/14.3.1/thumb/v7e-m+fp/hard/crtn.o
OUTPUT(blink.elf elf32-littlearm)
LOAD linker stubs
LOAD D:/stm32/STM32CubeIDE/plugins/com.st.stm32cube.ide.mcu.externaltools.gnu-tools-for-stm32.14.3.rel1.win32_1.0.100.202602081740/tools/bin/../lib/gcc/arm-none-eabi/14.3.1/../../../../arm-none-eabi/lib/thumb/v7e-m+fp/hard\libc.a
LOAD D:/stm32/STM32CubeIDE/plugins/com.st.stm32cube.ide.mcu.externaltools.gnu-tools-for-stm32.14.3.rel1.win32_1.0.100.202602081740/tools/bin/../lib/gcc/arm-none-eabi/14.3.1/../../../../arm-none-eabi/lib/thumb/v7e-m+fp/hard\libm.a
LOAD D:/stm32/STM32CubeIDE/plugins/com.st.stm32cube.ide.mcu.externaltools.gnu-tools-for-stm32.14.3.rel1.win32_1.0.100.202602081740/tools/bin/../lib/gcc/arm-none-eabi/14.3.1/thumb/v7e-m+fp/hard\libgcc.a

.debug_info     0x00000000    0x163f4
 .debug_info    0x00000000       0xfa ./Core/Src/driverEx.o
 .debug_info    0x000000fa      0x348 ./Core/Src/freeRTOSQueueTest.o
 .debug_info    0x00000442      0x296 ./Core/Src/freeRTOSSemaphoreTest.o
 .debug_info    0x000006d8      0x5ec ./Core/Src/heap_4.o
 .debug_info    0x00000cc4      0x37b ./Core/Src/i2c.o
 .debug_info    0x0000103f      0x2aa ./Core/Src/list.o
 .debug_info    0x000012e9     0x1117 ./Core/Src/main.o
 .debug_info    0x00002400      0x581 ./Core/Src/port.o
 .debug_info    0x00002981     0x1865 ./Core/Src/queue.o
 .debug_info    0x000041e6      0xc91 ./Core/Src/stm32g4xx_hal_msp.o
 .debug_info    0x00004e77       0xdf ./Core/Src/stm32g4xx_it.o
 .debug_info    0x00004f56      0x58e ./Core/Src/system_stm32g4xx.o
 .debug_info    0x000054e4     0x2883 ./Core/Src/tasks.o
 .debug_info    0x00007d67      0xece ./Core/Src/timers.o
 .debug_info    0x00008c35      0x220 ./Core/Src/uartEx.o
 .debug_info    0x00008e55       0x30 ./Core/Startup/startup_stm32g474retx.o
 .debug_info    0x00008e85     0x1762 ./Drivers/BSP/STM32G4xx_Nucleo/stm32g4xx_nucleo.o
 .debug_info    0x0000a5e7      0xb95 ./Drivers/STM32G4xx_HAL_Driver/Src/stm32g4xx_hal.o
 .debug_info    0x0000b17c      0xdf9 ./Drivers/STM32G4xx_HAL_Driver/Src/stm32g4xx_hal_cortex.o
 .debug_info    0x0000bf75      0x65f ./Drivers/STM32G4xx_HAL_Driver/Src/stm32g4xx_hal_exti.o
 .debug_info    0x0000c5d4      0x772 ./Drivers/STM32G4xx_HAL_Driver/Src/stm32g4xx_hal_gpio.o
 .debug_info    0x0000cd46     0x21ea ./Drivers/STM32G4xx_HAL_Driver/Src/stm32g4xx_hal_i2c.o
 .debug_info    0x0000ef30      0xad6 ./Drivers/STM32G4xx_HAL_Driver/Src/stm32g4xx_hal_i2c_ex.o
 .debug_info    0x0000fa06      0x944 ./Drivers/STM32G4xx_HAL_Driver/Src/stm32g4xx_hal_pwr_ex.o
 .debug_info    0x0001034a      0xbf9 ./Drivers/STM32G4xx_HAL_Driver/Src/stm32g4xx_hal_rcc.o
 .debug_info    0x00010f43      0xc5d ./Drivers/STM32G4xx_HAL_Driver/Src/stm32g4xx_hal_rcc_ex.o
 .debug_info    0x00011ba0     0x4854 ./Drivers/STM32G4xx_HAL_Driver/Src/stm32g4xx_hal_uart.o

.debug_abbrev   0x00000000     0x3604
 .debug_abbrev  0x00000000       0x87 ./Core/Src/driverEx.o
 .debug_abbrev  0x00000087      0x146 ./Core/Src/freeRTOSQueueTest.o
 .debug_abbrev  0x000001cd      0x126 ./Core/Src/freeRTOSSemaphoreTest.o
 .debug_abbrev  0x000002f3      0x25a ./Core/Src/heap_4.o
 .debug_abbrev  0x0000054d      0x1a9 ./Core/Src/i2c.o
 .debug_abbrev  0x000006f6       0xee ./Core/Src/list.o
 .debug_abbrev  0x000007e4      0x2ff ./Core/Src/main.o
 .debug_abbrev  0x00000ae3      0x248 ./Core/Src/port.o
 .debug_abbrev  0x00000d2b      0x323 ./Core/Src/queue.o
 .debug_abbrev  0x0000104e      0x1f1 ./Core/Src/stm32g4xx_hal_msp.o
 .debug_abbrev  0x0000123f       0x47 ./Core/Src/stm32g4xx_it.o
 .debug_abbrev  0x00001286      0x11a ./Core/Src/system_stm32g4xx.o
 .debug_abbrev  0x000013a0      0x398 ./Core/Src/tasks.o
 .debug_abbrev  0x00001738      0x2dd ./Core/Src/timers.o
 .debug_abbrev  0x00001a15      0x148 ./Core/Src/uartEx.o
 .debug_abbrev  0x00001b5d       0x24 ./Core/Startup/startup_stm32g474retx.o
 .debug_abbrev  0x00001b81      0x2fb ./Drivers/BSP/STM32G4xx_Nucleo/stm32g4xx_nucleo.o
 .debug_abbrev  0x00001e7c      0x271 ./Drivers/STM32G4xx_HAL_Driver/Src/stm32g4xx_hal.o
 .debug_abbrev  0x000020ed      0x31c ./Drivers/STM32G4xx_HAL_Driver/Src/stm32g4xx_hal_cortex.o
 .debug_abbrev  0x00002409      0x1b1 ./Drivers/STM32G4xx_HAL_Driver/Src/stm32g4xx_hal_exti.o
 .debug_abbrev  0x000025ba      0x1d2 ./Drivers/STM32G4xx_HAL_Driver/Src/stm32g4xx_hal_gpio.o
 .debug_abbrev  0x0000278c      0x25e ./Drivers/STM32G4xx_HAL_Driver/Src/stm32g4xx_hal_i2c.o
 .debug_abbrev  0x000029ea      0x1c0 ./Drivers/STM32G4xx_HAL_Driver/Src/stm32g4xx_hal_i2c_ex.o
 .debug_abbrev  0x00002baa      0x22c ./Drivers/STM32G4xx_HAL_Driver/Src/stm32g4xx_hal_pwr_ex.o
 .debug_abbrev  0x00002dd6      0x2c9 ./Drivers/STM32G4xx_HAL_Driver/Src/stm32g4xx_hal_rcc.o
 .debug_abbrev  0x0000309f      0x261 ./Drivers/STM32G4xx_HAL_Driver/Src/stm32g4xx_hal_rcc_ex.o
 .debug_abbrev  0x00003300      0x304 ./Drivers/STM32G4xx_HAL_Driver/Src/stm32g4xx_hal_uart.o

.debug_aranges  0x00000000     0x1410
 .debug_aranges
                0x00000000       0x38 ./Core/Src/driverEx.o
 .debug_aranges
                0x00000038       0x38 ./Core/Src/freeRTOSQueueTest.o
 .debug_aranges
                0x00000070       0x38 ./Core/Src/freeRTOSSemaphoreTest.o
 .debug_aranges
                0x000000a8       0x70 ./Core/Src/heap_4.o
 .debug_aranges
                0x00000118       0xd0 ./Core/Src/i2c.o
 .debug_aranges
                0x000001e8       0x40 ./Core/Src/list.o
 .debug_aranges
                0x00000228       0x50 ./Core/Src/main.o
 .debug_aranges
                0x00000278       0x80 ./Core/Src/port.o
 .debug_aranges
                0x000002f8      0x140 ./Core/Src/queue.o
 .debug_aranges
                0x00000438       0x30 ./Core/Src/stm32g4xx_hal_msp.o
 .debug_aranges
                0x00000468       0x48 ./Core/Src/stm32g4xx_it.o
 .debug_aranges
                0x000004b0       0x28 ./Core/Src/system_stm32g4xx.o
 .debug_aranges
                0x000004d8      0x228 ./Core/Src/tasks.o
 .debug_aranges
                0x00000700       0xf8 ./Core/Src/timers.o
 .debug_aranges
                0x000007f8       0x48 ./Core/Src/uartEx.o
 .debug_aranges
                0x00000840       0x28 ./Core/Startup/startup_stm32g474retx.o
 .debug_aranges
                0x00000868       0xc8 ./Drivers/BSP/STM32G4xx_Nucleo/stm32g4xx_nucleo.o
 .debug_aranges
                0x00000930      0x148 ./Drivers/STM32G4xx_HAL_Driver/Src/stm32g4xx_hal.o
 .debug_aranges
                0x00000a78      0x128 ./Drivers/STM32G4xx_HAL_Driver/Src/stm32g4xx_hal_cortex.o
 .debug_aranges
                0x00000ba0       0x60 ./Drivers/STM32G4xx_HAL_Driver/Src/stm32g4xx_hal_exti.o
 .debug_aranges
                0x00000c00       0x58 ./Drivers/STM32G4xx_HAL_Driver/Src/stm32g4xx_hal_gpio.o
 .debug_aranges
                0x00000c58      0x2a0 ./Drivers/STM32G4xx_HAL_Driver/Src/stm32g4xx_hal_i2c.o
 .debug_aranges
                0x00000ef8       0x48 ./Drivers/STM32G4xx_HAL_Driver/Src/stm32g4xx_hal_i2c_ex.o
 .debug_aranges
                0x00000f40      0x140 ./Drivers/STM32G4xx_HAL_Driver/Src/stm32g4xx_hal_pwr_ex.o
 .debug_aranges
                0x00001080       0x98 ./Drivers/STM32G4xx_HAL_Driver/Src/stm32g4xx_hal_rcc.o
 .debug_aranges
                0x00001118       0xb0 ./Drivers/STM32G4xx_HAL_Driver/Src/stm32g4xx_hal_rcc_ex.o
 .debug_aranges
                0x000011c8      0x248 ./Drivers/STM32G4xx_HAL_Driver/Src/stm32g4xx_hal_uart.o

.debug_rnglists
                0x00000000      0xf7d
 .debug_rnglists
                0x00000000       0x26 ./Core/Src/driverEx.o
 .debug_rnglists
                0x00000026       0x25 ./Core/Src/freeRTOSQueueTest.o
 .debug_rnglists
                0x0000004b       0x26 ./Core/Src/freeRTOSSemaphoreTest.o
 .debug_rnglists
                0x00000071       0x54 ./Core/Src/heap_4.o
 .debug_rnglists
                0x000000c5       0x9f ./Core/Src/i2c.o
 .debug_rnglists
                0x00000164       0x2b ./Core/Src/list.o
 .debug_rnglists
                0x0000018f       0x3b ./Core/Src/main.o
 .debug_rnglists
                0x000001ca       0x5d ./Core/Src/port.o
 .debug_rnglists
                0x00000227       0xf9 ./Core/Src/queue.o
 .debug_rnglists
                0x00000320       0x20 ./Core/Src/stm32g4xx_hal_msp.o
 .debug_rnglists
                0x00000340       0x31 ./Core/Src/stm32g4xx_it.o
 .debug_rnglists
                0x00000371       0x1a ./Core/Src/system_stm32g4xx.o
 .debug_rnglists
                0x0000038b      0x1cb ./Core/Src/tasks.o
 .debug_rnglists
                0x00000556       0xb9 ./Core/Src/timers.o
 .debug_rnglists
                0x0000060f       0x32 ./Core/Src/uartEx.o
 .debug_rnglists
                0x00000641       0x19 ./Core/Startup/startup_stm32g474retx.o
 .debug_rnglists
                0x0000065a       0x93 ./Drivers/BSP/STM32G4xx_Nucleo/stm32g4xx_nucleo.o
 .debug_rnglists
                0x000006ed       0xf1 ./Drivers/STM32G4xx_HAL_Driver/Src/stm32g4xx_hal.o
 .debug_rnglists
                0x000007de       0xda ./Drivers/STM32G4xx_HAL_Driver/Src/stm32g4xx_hal_cortex.o
 .debug_rnglists
                0x000008b8       0x46 ./Drivers/STM32G4xx_HAL_Driver/Src/stm32g4xx_hal_exti.o
 .debug_rnglists
                0x000008fe       0x3f ./Drivers/STM32G4xx_HAL_Driver/Src/stm32g4xx_hal_gpio.o
 .debug_rnglists
                0x0000093d      0x228 ./Drivers/STM32G4xx_HAL_Driver/Src/stm32g4xx_hal_i2c.o
 .debug_rnglists
                0x00000b65       0x35 ./Drivers/STM32G4xx_HAL_Driver/Src/stm32g4xx_hal_i2c_ex.o
 .debug_rnglists
                0x00000b9a       0xf1 ./Drivers/STM32G4xx_HAL_Driver/Src/stm32g4xx_hal_pwr_ex.o
 .debug_rnglists
                0x00000c8b       0x74 ./Drivers/STM32G4xx_HAL_Driver/Src/stm32g4xx_hal_rcc.o
 .debug_rnglists
                0x00000cff       0x87 ./Drivers/STM32G4xx_HAL_Driver/Src/stm32g4xx_hal_rcc_ex.o
 .debug_rnglists
                0x00000d86      0x1f7 ./Drivers/STM32G4xx_HAL_Driver/Src/stm32g4xx_hal_uart.o

.debug_macro    0x00000000     0x5e57
 .debug_macro   0x00000000      0x11b ./Core/Src/driverEx.o
 .debug_macro   0x0000011b      0x370 ./Core/Src/freeRTOSQueueTest.o
 .debug_macro   0x0000048b       0x1c ./Core/Src/freeRTOSQueueTest.o
 .debug_macro   0x000004a7       0x16 ./Core/Src/freeRTOSQueueTest.o
 .debug_macro   0x000004bd      0x108 ./Core/Src/freeRTOSQueueTest.o
 .debug_macro   0x000005c5       0x2e ./Core/Src/freeRTOSQueueTest.o
 .debug_macro   0x000005f3      0x182 ./Core/Src/freeRTOSQueueTest.o
 .debug_macro   0x00000775       0xee ./Core/Src/freeRTOSQueueTest.o
 .debug_macro   0x00000863       0x3a ./Core/Src/freeRTOSQueueTest.o
 .debug_macro   0x0000089d       0x1f ./Core/Src/freeRTOSQueueTest.o
 .debug_macro   0x000008bc       0x12 ./Core/Src/freeRTOSQueueTest.o
 .debug_macro   0x000008ce     0x10f7 ./Core/Src/freeRTOSQueueTest.o
 .debug_macro   0x000019c5       0xc3 ./Core/Src/freeRTOSQueueTest.o
 .debug_macro   0x00001a88      0x161 ./Core/Src/freeRTOSQueueTest.o
 .debug_macro   0x00001be9       0x80 ./Core/Src/freeRTOSQueueTest.o
 .debug_macro   0x00001c69      0x3fc ./Core/Src/freeRTOSSemaphoreTest.o
 .debug_macro   0x00002065       0x9e ./Core/Src/freeRTOSSemaphoreTest.o
 .debug_macro   0x00002103       0x77 ./Core/Src/freeRTOSSemaphoreTest.o
 .debug_macro   0x0000217a      0x237 ./Core/Src/heap_4.o
 .debug_macro   0x000023b1       0x5b ./Core/Src/heap_4.o
 .debug_macro   0x0000240c       0x94 ./Core/Src/heap_4.o
 .debug_macro   0x000024a0       0x16 ./Core/Src/heap_4.o
 .debug_macro   0x000024b6      0x11c ./Core/Src/heap_4.o
 .debug_macro   0x000025d2       0x9b ./Core/Src/heap_4.o
 .debug_macro   0x0000266d       0x57 ./Core/Src/heap_4.o
 .debug_macro   0x000026c4       0x16 ./Core/Src/heap_4.o
 .debug_macro   0x000026da       0x29 ./Core/Src/heap_4.o
 .debug_macro   0x00002703       0x16 ./Core/Src/heap_4.o
 .debug_macro   0x00002719       0x20 ./Core/Src/heap_4.o
 .debug_macro   0x00002739      0x108 ./Core/Src/heap_4.o
 .debug_macro   0x00002841      0x3b4 ./Core/Src/i2c.o
 .debug_macro   0x00002bf5      0x1a2 ./Core/Src/list.o
 .debug_macro   0x00002d97      0x3c3 ./Core/Src/main.o
 .debug_macro   0x0000315a       0x58 ./Core/Src/main.o
 .debug_macro   0x000031b2      0x1cf ./Core/Src/port.o
 .debug_macro   0x00003381      0x239 ./Core/Src/queue.o
 .debug_macro   0x000035ba      0x3b7 ./Core/Src/stm32g4xx_hal_msp.o
 .debug_macro   0x00003971      0x3c1 ./Core/Src/stm32g4xx_it.o
 .debug_macro   0x00003d32      0x1d3 ./Core/Src/system_stm32g4xx.o
 .debug_macro   0x00003f05      0x2c6 ./Core/Src/tasks.o
 .debug_macro   0x000041cb       0x98 ./Core/Src/tasks.o
 .debug_macro   0x00004263       0x17 ./Core/Src/tasks.o
 .debug_macro   0x0000427a      0x1f1 ./Core/Src/timers.o
 .debug_macro   0x0000446b      0x3c0 ./Core/Src/uartEx.o
 .debug_macro   0x0000482b      0x200 ./Drivers/BSP/STM32G4xx_Nucleo/stm32g4xx_nucleo.o
 .debug_macro   0x00004a2b      0x221 ./Drivers/STM32G4xx_HAL_Driver/Src/stm32g4xx_hal.o
 .debug_macro   0x00004c4c      0x1d3 ./Drivers/STM32G4xx_HAL_Driver/Src/stm32g4xx_hal_cortex.o
 .debug_macro   0x00004e1f      0x1df ./Drivers/STM32G4xx_HAL_Driver/Src/stm32g4xx_hal_exti.o
 .debug_macro   0x00004ffe      0x1da ./Drivers/STM32G4xx_HAL_Driver/Src/stm32g4xx_hal_gpio.o
 .debug_macro   0x000051d8      0x29f ./Drivers/STM32G4xx_HAL_Driver/Src/stm32g4xx_hal_i2c.o
 .debug_macro   0x00005477      0x1d3 ./Drivers/STM32G4xx_HAL_Driver/Src/stm32g4xx_hal_i2c_ex.o
 .debug_macro   0x0000564a      0x1fd ./Drivers/STM32G4xx_HAL_Driver/Src/stm32g4xx_hal_pwr_ex.o
 .debug_macro   0x00005847      0x215 ./Drivers/STM32G4xx_HAL_Driver/Src/stm32g4xx_hal_rcc.o
 .debug_macro   0x00005a5c      0x1fd ./Drivers/STM32G4xx_HAL_Driver/Src/stm32g4xx_hal_rcc_ex.o
 .debug_macro   0x00005c59      0x1fe ./Drivers/STM32G4xx_HAL_Driver/Src/stm32g4xx_hal_uart.o

.debug_line     0x00000000    0x198c4
 .debug_line    0x00000000      0x4da ./Core/Src/driverEx.o
 .debug_line    0x000004da      0xa1f ./Core/Src/freeRTOSQueueTest.o
 .debug_line    0x00000ef9      0xaa6 ./Core/Src/freeRTOSSemaphoreTest.o
 .debug_line    0x0000199f      0xa6d ./Core/Src/heap_4.o
 .debug_line    0x0000240c     0x12b6 ./Core/Src/i2c.o
 .debug_line    0x000036c2      0x6dd ./Core/Src/list.o
 .debug_line    0x00003d9f      0xb6c ./Core/Src/main.o
 .debug_line    0x0000490b      0x7e1 ./Core/Src/port.o
 .debug_line    0x000050ec     0x1619 ./Core/Src/queue.o
 .debug_line    0x00006705      0xa69 ./Core/Src/stm32g4xx_hal_msp.o
 .debug_line    0x0000716e      0xa73 ./Core/Src/stm32g4xx_it.o
 .debug_line    0x00007be1      0x792 ./Core/Src/system_stm32g4xx.o
 .debug_line    0x00008373     0x1ffd ./Core/Src/tasks.o
 .debug_line    0x0000a370      0xca5 ./Core/Src/timers.o
 .debug_line    0x0000b015      0xb18 ./Core/Src/uartEx.o
 .debug_line    0x0000bb2d       0x7b ./Core/Startup/startup_stm32g474retx.o
 .debug_line    0x0000bba8      0xac0 ./Drivers/BSP/STM32G4xx_Nucleo/stm32g4xx_nucleo.o
 .debug_line    0x0000c668      0xb61 ./Drivers/STM32G4xx_HAL_Driver/Src/stm32g4xx_hal.o
 .debug_line    0x0000d1c9      0xcc3 ./Drivers/STM32G4xx_HAL_Driver/Src/stm32g4xx_hal_cortex.o
 .debug_line    0x0000de8c      0xa9e ./Drivers/STM32G4xx_HAL_Driver/Src/stm32g4xx_hal_exti.o
 .debug_line    0x0000e92a      0xb4a ./Drivers/STM32G4xx_HAL_Driver/Src/stm32g4xx_hal_gpio.o
 .debug_line    0x0000f474     0x3710 ./Drivers/STM32G4xx_HAL_Driver/Src/stm32g4xx_hal_i2c.o
 .debug_line    0x00012b84      0x88b ./Drivers/STM32G4xx_HAL_Driver/Src/stm32g4xx_hal_i2c_ex.o
 .debug_line    0x0001340f      0xcbd ./Drivers/STM32G4xx_HAL_Driver/Src/stm32g4xx_hal_pwr_ex.o
 .debug_line    0x000140cc      0xfe1 ./Drivers/STM32G4xx_HAL_Driver/Src/stm32g4xx_hal_rcc.o
 .debug_line    0x000150ad     0x1257 ./Drivers/STM32G4xx_HAL_Driver/Src/stm32g4xx_hal_rcc_ex.o
 .debug_line    0x00016304     0x35c0 ./Drivers/STM32G4xx_HAL_Driver/Src/stm32g4xx_hal_uart.o

.debug_str      0x00000000    0xfe240
 .debug_str     0x00000000    0xfe240 ./Core/Src/driverEx.o
                               0x4388 (size before relaxing)
 .debug_str     0x000fe240    0xf35cc ./Core/Src/freeRTOSQueueTest.o
 .debug_str     0x000fe240    0xf4872 ./Core/Src/freeRTOSSemaphoreTest.o
 .debug_str     0x000fe240    0x12825 ./Core/Src/heap_4.o
 .debug_str     0x000fe240    0xe8a18 ./Core/Src/i2c.o
 .debug_str     0x000fe240    0x10c31 ./Core/Src/list.o
 .debug_str     0x000fe240    0xf5302 ./Core/Src/main.o
 .debug_str     0x000fe240     0xf7ae ./Core/Src/port.o
 .debug_str     0x000fe240    0x135fe ./Core/Src/queue.o
 .debug_str     0x000fe240    0xf4fd2 ./Core/Src/stm32g4xx_hal_msp.o
 .debug_str     0x000fe240    0xf4651 ./Core/Src/stm32g4xx_it.o
 .debug_str     0x000fe240    0xe4393 ./Core/Src/system_stm32g4xx.o
 .debug_str     0x000fe240    0x1453c ./Core/Src/tasks.o
 .debug_str     0x000fe240    0x138ad ./Core/Src/timers.o
 .debug_str     0x000fe240    0xf37bb ./Core/Src/uartEx.o
 .debug_str     0x000fe240       0x63 ./Core/Startup/startup_stm32g474retx.o
 .debug_str     0x000fe240    0xe5c75 ./Drivers/BSP/STM32G4xx_Nucleo/stm32g4xx_nucleo.o
 .debug_str     0x000fe240    0xe50a5 ./Drivers/STM32G4xx_HAL_Driver/Src/stm32g4xx_hal.o
 .debug_str     0x000fe240    0xe4d61 ./Drivers/STM32G4xx_HAL_Driver/Src/stm32g4xx_hal_cortex.o
 .debug_str     0x000fe240    0xe442d ./Drivers/STM32G4xx_HAL_Driver/Src/stm32g4xx_hal_exti.o
 .debug_str     0x000fe240    0xe451e ./Drivers/STM32G4xx_HAL_Driver/Src/stm32g4xx_hal_gpio.o
 .debug_str     0x000fe240    0xe569d ./Drivers/STM32G4xx_HAL_Driver/Src/stm32g4xx_hal_i2c.o
 .debug_str     0x000fe240    0xe49b2 ./Drivers/STM32G4xx_HAL_Driver/Src/stm32g4xx_hal_i2c_ex.o
 .debug_str     0x000fe240    0xe4881 ./Drivers/STM32G4xx_HAL_Driver/Src/stm32g4xx_hal_pwr_ex.o
 .debug_str     0x000fe240    0xe4ab2 ./Drivers/STM32G4xx_HAL_Driver/Src/stm32g4xx_hal_rcc.o
 .debug_str     0x000fe240    0xe4adc ./Drivers/STM32G4xx_HAL_Driver/Src/stm32g4xx_hal_rcc_ex.o
 .debug_str     0x000fe240    0xe534e ./Drivers/STM32G4xx_HAL_Driver/Src/stm32g4xx_hal_uart.o

.comment        0x00000000       0x43
 .comment       0x00000000       0x43 ./Core/Src/driverEx.o
                                 0x44 (size before relaxing)
 .comment       0x00000043       0x44 ./Core/Src/freeRTOSQueueTest.o
 .comment       0x00000043       0x44 ./Core/Src/freeRTOSSemaphoreTest.o
 .comment       0x00000043       0x44 ./Core/Src/heap_4.o
 .comment       0x00000043       0x44 ./Core/Src/i2c.o
 .comment       0x00000043       0x44 ./Core/Src/list.o
 .comment       0x00000043       0x44 ./Core/Src/main.o
 .comment       0x00000043       0x44 ./Core/Src/port.o
 .comment       0x00000043       0x44 ./Core/Src/queue.o
 .comment       0x00000043       0x44 ./Core/Src/stm32g4xx_hal_msp.o
 .comment       0x00000043       0x44 ./Core/Src/stm32g4xx_it.o
 .comment       0x00000043       0x44 ./Core/Src/system_stm32g4xx.o
 .comment       0x00000043       0x44 ./Core/Src/tasks.o
 .comment       0x00000043       0x44 ./Core/Src/timers.o
 .comment       0x00000043       0x44 ./Core/Src/uartEx.o
 .comment       0x00000043       0x44 ./Drivers/BSP/STM32G4xx_Nucleo/stm32g4xx_nucleo.o
 .comment       0x00000043       0x44 ./Drivers/STM32G4xx_HAL_Driver/Src/stm32g4xx_hal.o
 .comment       0x00000043       0x44 ./Drivers/STM32G4xx_HAL_Driver/Src/stm32g4xx_hal_cortex.o
 .comment       0x00000043       0x44 ./Drivers/STM32G4xx_HAL_Driver/Src/stm32g4xx_hal_exti.o
 .comment       0x00000043       0x44 ./Drivers/STM32G4xx_HAL_Driver/Src/stm32g4xx_hal_gpio.o
 .comment       0x00000043       0x44 ./Drivers/STM32G4xx_HAL_Driver/Src/stm32g4xx_hal_i2c.o
 .comment       0x00000043       0x44 ./Drivers/STM32G4xx_HAL_Driver/Src/stm32g4xx_hal_i2c_ex.o
 .comment       0x00000043       0x44 ./Drivers/STM32G4xx_HAL_Driver/Src/stm32g4xx_hal_pwr_ex.o
 .comment       0x00000043       0x44 ./Drivers/STM32G4xx_HAL_Driver/Src/stm32g4xx_hal_rcc.o
 .comment       0x00000043       0x44 ./Drivers/STM32G4xx_HAL_Driver/Src/stm32g4xx_hal_rcc_ex.o
 .comment       0x00000043       0x44 ./Drivers/STM32G4xx_HAL_Driver/Src/stm32g4xx_hal_uart.o

.debug_frame    0x00000000     0x4d4c
 .debug_frame   0x00000000       0x80 ./Core/Src/driverEx.o
 .debug_frame   0x00000080       0x94 ./Core/Src/freeRTOSQueueTest.o
 .debug_frame   0x00000114       0x94 ./Core/Src/freeRTOSSemaphoreTest.o
 .debug_frame   0x000001a8      0x178 ./Core/Src/heap_4.o
 .debug_frame   0x00000320      0x2c8 ./Core/Src/i2c.o
 .debug_frame   0x000005e8       0xc4 ./Core/Src/list.o
 .debug_frame   0x000006ac       0xec ./Core/Src/main.o
 .debug_frame   0x00000798      0x18c ./Core/Src/port.o
 .debug_frame   0x00000924      0x550 ./Core/Src/queue.o
 .debug_frame   0x00000e74       0x80 ./Core/Src/stm32g4xx_hal_msp.o
 .debug_frame   0x00000ef4       0xa4 ./Core/Src/stm32g4xx_it.o
 .debug_frame   0x00000f98       0x50 ./Core/Src/system_stm32g4xx.o
 .debug_frame   0x00000fe8      0x940 ./Core/Src/tasks.o
 .debug_frame   0x00001928      0x3ec ./Core/Src/timers.o
 .debug_frame   0x00001d14       0xd4 ./Core/Src/uartEx.o
 .debug_frame   0x00001de8      0x308 ./Drivers/BSP/STM32G4xx_Nucleo/stm32g4xx_nucleo.o
 .debug_frame   0x000020f0      0x480 ./Drivers/STM32G4xx_HAL_Driver/Src/stm32g4xx_hal.o
 .debug_frame   0x00002570      0x49c ./Drivers/STM32G4xx_HAL_Driver/Src/stm32g4xx_hal_cortex.o
 .debug_frame   0x00002a0c      0x154 ./Drivers/STM32G4xx_HAL_Driver/Src/stm32g4xx_hal_exti.o
 .debug_frame   0x00002b60      0x130 ./Drivers/STM32G4xx_HAL_Driver/Src/stm32g4xx_hal_gpio.o
 .debug_frame   0x00002c90      0xbe8 ./Drivers/STM32G4xx_HAL_Driver/Src/stm32g4xx_hal_i2c.o
 .debug_frame   0x00003878       0xe8 ./Drivers/STM32G4xx_HAL_Driver/Src/stm32g4xx_hal_i2c_ex.o
 .debug_frame   0x00003960      0x46c ./Drivers/STM32G4xx_HAL_Driver/Src/stm32g4xx_hal_pwr_ex.o
 .debug_frame   0x00003dcc      0x218 ./Drivers/STM32G4xx_HAL_Driver/Src/stm32g4xx_hal_rcc.o
 .debug_frame   0x00003fe4      0x27c ./Drivers/STM32G4xx_HAL_Driver/Src/stm32g4xx_hal_rcc_ex.o
 .debug_frame   0x00004260      0xa18 ./Drivers/STM32G4xx_HAL_Driver/Src/stm32g4xx_hal_uart.o
 .debug_frame   0x00004c78       0x20 D:/stm32/STM32CubeIDE/plugins/com.st.stm32cube.ide.mcu.externaltools.gnu-tools-for-stm32.14.3.rel1.win32_1.0.100.202602081740/tools/bin/../lib/gcc/arm-none-eabi/14.3.1/../../../../arm-none-eabi/lib/thumb/v7e-m+fp/hard\libc_nano.a(libc_a-memset.o)
 .debug_frame   0x00004c98       0x2c D:/stm32/STM32CubeIDE/plugins/com.st.stm32cube.ide.mcu.externaltools.gnu-tools-for-stm32.14.3.rel1.win32_1.0.100.202602081740/tools/bin/../lib/gcc/arm-none-eabi/14.3.1/../../../../arm-none-eabi/lib/thumb/v7e-m+fp/hard\libc_nano.a(libc_a-init.o)
 .debug_frame   0x00004cc4       0x28 D:/stm32/STM32CubeIDE/plugins/com.st.stm32cube.ide.mcu.externaltools.gnu-tools-for-stm32.14.3.rel1.win32_1.0.100.202602081740/tools/bin/../lib/gcc/arm-none-eabi/14.3.1/../../../../arm-none-eabi/lib/thumb/v7e-m+fp/hard\libc_nano.a(libc_a-memcpy-stub.o)
 .debug_frame   0x00004cec       0x2c D:/stm32/STM32CubeIDE/plugins/com.st.stm32cube.ide.mcu.externaltools.gnu-tools-for-stm32.14.3.rel1.win32_1.0.100.202602081740/tools/bin/../lib/gcc/arm-none-eabi/14.3.1/thumb/v7e-m+fp/hard\libgcc.a(_aeabi_uldivmod.o)
 .debug_frame   0x00004d18       0x34 D:/stm32/STM32CubeIDE/plugins/com.st.stm32cube.ide.mcu.externaltools.gnu-tools-for-stm32.14.3.rel1.win32_1.0.100.202602081740/tools/bin/../lib/gcc/arm-none-eabi/14.3.1/thumb/v7e-m+fp/hard\libgcc.a(_udivmoddi4.o)

.debug_line_str
                0x00000000       0x47
 .debug_line_str
                0x00000000       0x47 ./Core/Startup/startup_stm32g474retx.o
