../Core/Src/i2c.c:66:6:I2C_Configuration	4	static
../Core/Src/i2c.c:175:10:I2C_read	24	static
../Core/Src/i2c.c:304:5:I2C_write	16	static
../Core/Src/i2c.c:423:10:bmeTest	16	static
../Core/Src/i2c.c:481:10:mpuTest	8	static
../Core/Src/i2c.c:491:6:mpuSetup	16	static
../Core/Src/i2c.c:516:6:toggleDisplay	8	static
../Core/Src/i2c.c:561:6:displayOLEDDMAConfig	16	static
../Core/Src/i2c.c:572:6:sendOLEDCommand	16	static
../Core/Src/i2c.c:593:6:testDisplayOn	8	static
../Core/Src/i2c.c:602:5:I2C1_CheckBusyRegister	4	static
../Core/Src/i2c.c:609:5:I2C1_TransferComplete	4	static
../Core/Src/i2c.c:617:5:I2C1_StopFlagDetected	4	static
../Core/Src/i2c.c:625:5:I2C1_NackFlagDetected	4	static
../Core/Src/i2c.c:633:5:I2C1_RXNotEmpty	4	static
../Core/Src/i2c.c:644:5:I2C1_TxIsEmpty	4	static
../Core/Src/i2c.c:653:5:I2C4_CheckBusyRegister	4	static
../Core/Src/i2c.c:660:5:I2C4_TransferComplete	4	static
../Core/Src/i2c.c:668:5:I2C4_StopFlagDetected	4	static
../Core/Src/i2c.c:676:5:I2C4_NackFlagDetected	4	static
../Core/Src/i2c.c:685:5:I2C4_RXNotEmpty	4	static
../Core/Src/i2c.c:696:5:I2C4_TxIsEmpty	4	static
../Core/Src/i2c.c:705:5:busError	4	static
