../Core/Src/i2c.c:63:6:I2C_Configuration	4	static
../Core/Src/i2c.c:175:10:bmeTest	16	static
../Core/Src/i2c.c:233:10:mpuTest	16	static
../Core/Src/i2c.c:291:6:toggleDisplay	8	static
../Core/Src/i2c.c:336:6:displayOLEDDMAConfig	16	static
../Core/Src/i2c.c:347:6:sendOLEDCommand	16	static
../Core/Src/i2c.c:368:6:testDisplayOn	8	static
../Core/Src/i2c.c:377:5:I2C1_CheckBusyRegister	4	static
../Core/Src/i2c.c:384:5:I2C1_TransferComplete	4	static
../Core/Src/i2c.c:392:5:I2C1_StopFlagDetected	4	static
../Core/Src/i2c.c:400:5:I2C1_NackFlagDetected	4	static
../Core/Src/i2c.c:408:5:I2C1_RXNotEmpty	4	static
../Core/Src/i2c.c:419:5:I2C1_TxIsEmpty	4	static
../Core/Src/i2c.c:428:5:I2C4_CheckBusyRegister	4	static
../Core/Src/i2c.c:435:5:I2C4_TransferComplete	4	static
../Core/Src/i2c.c:443:5:I2C4_StopFlagDetected	4	static
../Core/Src/i2c.c:451:5:I2C4_NackFlagDetected	4	static
../Core/Src/i2c.c:459:5:I2C4_RXNotEmpty	4	static
../Core/Src/i2c.c:470:5:I2C4_TxIsEmpty	4	static
../Core/Src/i2c.c:479:5:busError	4	static
