../Core/Src/i2c.c:62:6:I2C_Configuration	4	static
../Core/Src/i2c.c:172:10:pingSensorTest	16	static
../Core/Src/i2c.c:230:6:toggleDisplay	8	static
../Core/Src/i2c.c:275:6:displayOLEDDMAConfig	16	static
../Core/Src/i2c.c:286:6:sendOLEDCommand	16	static
../Core/Src/i2c.c:307:6:testDisplayOn	8	static
../Core/Src/i2c.c:316:5:checkBusyRegister	4	static
../Core/Src/i2c.c:323:5:transferComplete	4	static
../Core/Src/i2c.c:331:5:stopFlagDetected	4	static
../Core/Src/i2c.c:339:5:nackFlagDetected	4	static
../Core/Src/i2c.c:347:5:rxNotEmpty	4	static
../Core/Src/i2c.c:355:5:txEmpty	4	static
../Core/Src/i2c.c:365:5:txisEmpty	4	static
../Core/Src/i2c.c:373:5:busError	4	static
