../Core/Src/i2c.c:62:6:I2C_Configuration	4	static
../Core/Src/i2c.c:170:10:pingSensorTest	16	static
../Core/Src/i2c.c:228:6:toggleDisplay	8	static
../Core/Src/i2c.c:273:6:displayOLEDDMAConfig	16	static
../Core/Src/i2c.c:284:6:sendOLEDCommand	16	static
../Core/Src/i2c.c:305:6:testDisplayOn	8	static
../Core/Src/i2c.c:314:5:checkBusyRegister	4	static
../Core/Src/i2c.c:321:5:transferComplete	4	static
../Core/Src/i2c.c:329:5:stopFlagDetected	4	static
../Core/Src/i2c.c:337:5:nackFlagDetected	4	static
../Core/Src/i2c.c:345:5:rxNotEmpty	4	static
../Core/Src/i2c.c:353:5:txEmpty	4	static
../Core/Src/i2c.c:363:5:txisEmpty	4	static
../Core/Src/i2c.c:371:5:busError	4	static
