../Core/Src/i2c.c:36:6:I2C_Configuration	4	static
../Core/Src/i2c.c:99:10:pingSensorTest	16	static
../Core/Src/i2c.c:157:6:toggleDisplay	8	static
../Core/Src/i2c.c:201:10:toggleDisplayDMA	4	static
../Core/Src/i2c.c:217:6:sendOLEDCommand	16	static
../Core/Src/i2c.c:238:6:testDisplayOn	8	static
../Core/Src/i2c.c:247:5:checkBusyRegister	4	static
../Core/Src/i2c.c:254:5:transferComplete	4	static
../Core/Src/i2c.c:262:5:stopFlagDetected	4	static
../Core/Src/i2c.c:270:5:nackFlagDetected	4	static
../Core/Src/i2c.c:278:5:rxNotEmpty	4	static
../Core/Src/i2c.c:286:5:txEmpty	4	static
../Core/Src/i2c.c:296:5:txisEmpty	4	static
../Core/Src/i2c.c:304:5:busError	4	static
