../Core/Src/i2c.c:66:6:I2C_Configuration	4	static
../Core/Src/i2c.c:177:10:I2C_read	24	static
../Core/Src/i2c.c:306:5:I2C_write	16	static
../Core/Src/i2c.c:410:10:bmeTest	16	static
../Core/Src/i2c.c:468:10:mpuTest	16	static
../Core/Src/i2c.c:528:6:mpuSetup	8	static
../Core/Src/i2c.c:623:6:toggleDisplay	8	static
../Core/Src/i2c.c:668:6:displayOLEDDMAConfig	16	static
../Core/Src/i2c.c:679:6:sendOLEDCommand	16	static
../Core/Src/i2c.c:700:6:testDisplayOn	8	static
../Core/Src/i2c.c:709:5:I2C1_CheckBusyRegister	4	static
../Core/Src/i2c.c:716:5:I2C1_TransferComplete	4	static
../Core/Src/i2c.c:724:5:I2C1_StopFlagDetected	4	static
../Core/Src/i2c.c:732:5:I2C1_NackFlagDetected	4	static
../Core/Src/i2c.c:740:5:I2C1_RXNotEmpty	4	static
../Core/Src/i2c.c:751:5:I2C1_TxIsEmpty	4	static
../Core/Src/i2c.c:760:5:I2C4_CheckBusyRegister	4	static
../Core/Src/i2c.c:767:5:I2C4_TransferComplete	4	static
../Core/Src/i2c.c:775:5:I2C4_StopFlagDetected	4	static
../Core/Src/i2c.c:783:5:I2C4_NackFlagDetected	4	static
../Core/Src/i2c.c:791:5:I2C4_RXNotEmpty	4	static
../Core/Src/i2c.c:802:5:I2C4_TxIsEmpty	4	static
../Core/Src/i2c.c:811:5:busError	4	static
