../Core/Src/i2c.c:52:6:I2C_Configuration	4	static
../Core/Src/i2c.c:115:10:pingSensorTest	16	static
../Core/Src/i2c.c:173:6:toggleDisplay	8	static
../Core/Src/i2c.c:218:6:displayOLEDDMAConfig	16	static
../Core/Src/i2c.c:229:6:sendOLEDCommand	16	static
../Core/Src/i2c.c:250:6:testDisplayOn	8	static
../Core/Src/i2c.c:259:5:checkBusyRegister	4	static
../Core/Src/i2c.c:266:5:transferComplete	4	static
../Core/Src/i2c.c:274:5:stopFlagDetected	4	static
../Core/Src/i2c.c:282:5:nackFlagDetected	4	static
../Core/Src/i2c.c:290:5:rxNotEmpty	4	static
../Core/Src/i2c.c:298:5:txEmpty	4	static
../Core/Src/i2c.c:308:5:txisEmpty	4	static
../Core/Src/i2c.c:316:5:busError	4	static
