../Core/Src/i2c.c:36:6:I2C_Configuration	4	static
../Core/Src/i2c.c:96:10:pingSensorTest	16	static
../Core/Src/i2c.c:154:6:toggleDisplay	8	static
../Core/Src/i2c.c:198:6:sendOLEDCommand	16	static
../Core/Src/i2c.c:219:6:testDisplayOn	8	static
../Core/Src/i2c.c:228:5:checkBusyRegister	4	static
../Core/Src/i2c.c:235:5:transferComplete	4	static
../Core/Src/i2c.c:243:5:stopFlagDetected	4	static
../Core/Src/i2c.c:251:5:nackFlagDetected	4	static
../Core/Src/i2c.c:259:5:rxNotEmpty	4	static
../Core/Src/i2c.c:267:5:txEmpty	4	static
../Core/Src/i2c.c:277:5:txisEmpty	4	static
../Core/Src/i2c.c:285:5:busError	4	static
